0A 0D 4D 49 4E 49 36 34 31 30 20 23 20 0A 0D 4D 49 4E 49 36 34 31 30 20 23 20

MINI6410 # 

MINI6410 # 

MINI6410 # 

MINI6410 # setenv bootargs 'root=ubi0:FriendlyARM-root ubi.mtd=2 rootfstype=ubifs  init=/linuxrc console=ttySAC0,115200'

MINI6410 # 

MINI6410 # printenv

bootcmd=nand read.i c0008000 400000 500000;bootm c0008000

bootdelay=1

baudrate=115200

ethaddr=08:90:90:90:90:90

serverip=192.168.1.88

netmask=255.255.255.0

ipaddr=192.168.31.6

gatewayip=192.168.31.1

stdin=serial

stdout=serial

stderr=serial

bootargs=root=ubi0:FriendlyARM-root ubi.mtd=2 rootfstype=ubifs  init=/linuxrc console=ttySAC0,115200


Environment size: 341/131068 bytes

MINI6410 # printenv

bootcmd=nand read.i c0008000 400000 500000;bootm c0008000

bootdelay=1

baudrate=115200

ethaddr=08:90:90:90:90:90

serverip=192.168.1.88

netmask=255.255.255.0

ipaddr=192.168.31.6

gatewayip=192.168.31.1

stdin=serial

stdout=serial

stderr=serial

bootargs=root=ubi0:FriendlyARM-root ubi.mtd=2 rootfstype=ubifs  init=/linuxrc console=ttySAC0,115200


Environment size: 341/131068 bytes

MINI6410 # OK


U-Boot 1.1.6 (Oct 18 2011 - 15:23:51) for FriendlyARM MINI6410



CPU:     S3C6410@532MHz

         Fclk = 532MHz, Hclk = 133MHz, Pclk = 66MHz, Serial = CLKUART (SYNC Mode) 

Board:   MINI6410

DRAM:    256 MB

Flash:   0 kB

NAND:    2048 MB 

In:      serial

Out:     serial

Err:     serial


MAC:
 08:90:90:90:90:90

Hit any key to stop autoboot:  1 
 0 


NAND read: device 0 offset 0x400000, size 0x500000


.
.
.
.
. 5242880 bytes read: OK

Boot with zImage


Starting kernel ...


Uncompressing Linux...

OK


U-Boot 1.1.6 (Oct 18 2011 - 15:23:51) for FriendlyARM MINI6410



CPU:     S3C6410@532MHz

         Fclk = 532MHz, Hclk = 133MHz, Pclk = 66MHz, Serial = CLKUART (SYNC Mode) 

Board:   MINI6410

DRAM:    256 MB

Flash:   0 kB

NAND:    2048 MB 


In:      serial

Out:     serial

Err:     serial


MAC: 08:90:90:90:90:90


Hit any key to stop autoboot:  1 
 0 


NAND read: device 0 offset 0x400000, size 0x500000


.
.
.

OK


U-Boot 1.1.6 (Oct 18 2011 - 15:23:51) for FriendlyARM MINI6410



CPU:     S3C6410@532MHz

         Fclk = 532MHz, Hclk = 133MHz, Pclk = 66MHz, Serial = CLKUART (SYNC Mode) 

Board:   MINI6410

DRAM:    256 MB

Flash:   0 kB

NAND:    2048 MB 


In:      serial

Out:     serial

Err:     serial


MAC: 08:90:90:90:90:90


Hit any key to stop autoboot:  1 
 0 

##### FriendlyARM U-Boot(2011-10, NAND) for 6410 #####

[f] Format the nand flash

[v] Download u-boot.bin

[k] Download Linux/Android kernel

[y] Download root yaffs2 image

[u] Download root ubifs image

[a] Download Absolute User Application

[n] Download Nboot.nb0 for WinCE

[w] Download WinCE NK.nb0

[s] Set the boot parameter of Linux

[b] Boot Linux

[q] Quit to shell

NAND(MLC2): 2048 MiB, RAM: 256 MiB

LCD type, firmware version: 3 1127

Enter your Selection:
q

MINI6410 # 

MINI6410 # 
printevn

Unknown command 'printevn' - try 'help'

MINI6410 # 

MINI6410 # 
printenv

bootcmd=nand read.i c0008000 400000 500000;bootm c0008000

bootdelay=1

baudrate=115200

ethaddr=08:90:90:90:90:90

serverip=192.168.1.88

netmask=255.255.255.0

ipaddr=192.168.31.6

gatewayip=192.168.31.1

bootargs=root=/dev/nfs nfsroot=192.168.31.228:/home/liyongjun/tmp/mini_rootfs ip=192.168.
31.6 init=/linuxrc console=ttySAC0,115200

stdin=serial

stdout=serial

stderr=serial


Environment size: 371/131068 bytes

MINI6410 # 
setenv bootargs 'root=ubi0:FriendlyARM-root ubi.mtd=2 rootfstype=ubifs  init=/linuxrc console=ttySAC0,115200'


MINI6410 # 

MINI6410 # 
saveenv

Saving Environment to NAND...

Writing to Nand... 
done

MINI6410 # 

MINI6410 # 
reset

reset... 





U-Boot 1.1.6 (Oct 18 2011 - 15:23:51) for FriendlyARM MINI6410



CPU:     S3C6410@532MHz

         Fclk = 532MHz, Hclk = 133MHz, Pclk = 66MHz, Serial = CLKUART (SYNC Mode) 

Board:   MINI6410

DRAM:    256 MB

Flash:   0 kB

NAND:    2048 MB 


In:      serial

Out:     serial

Err:     serial


MAC: 08:90:90:90:90:90


Hit any key to stop autoboot:  1 
 0 


NAND read: device 0 offset 0x400000, size 0x500000


.
.
.
.
. 5242880 bytes read: OK

Boot with zImage


Starting kernel ...


Uncompressing Linux...
 done, booting the kernel.

Initializing cgroup subsys cpu
Linux version 2.6.38-FriendlyARM (liyongjun@Box) (gcc version 4.5.1 (ctng-1.8.1-FA) ) #1 PREEMPT Fri Dec 11 00:11:55 CST 2020
CPU: ARMv6-compatible processor [410fb766] revision 6 (ARMv7), cr=00c5387f
CPU: VIPT nonaliasing data cache, VIPT nonaliasing instruction cache
Machine: MINI6410
Memory policy: ECC disabled, Data cache writeback
CPU S3C6410 (id 0x36410101)
S3C24XX Clocks, Copyright 2004 Simtec Electronics
camera: no parent clock specified
S3C64XX: PLL settings, A=532000000, M=532000000, E=24000000
S3C64XX: HCLK2=266000000, HCLK=133000000, PCLK=66500000
mout_apll: source is fout_ap
ll (1), rate is 532000000
mout_epll: source is epll (1), rate is 24000000
mout_mpll: source is mpll (1), rate is 532000000
mmc_bus: source is mout_epll (0), rate is 24000000
mmc_bus: source is mout_epll (0), rate is 24000000
mmc_bus: source is mout_epll (0), rate is 24000000
usb-bus-host: source is clk_48m (0), rate is 48000000
uclk1: source is dout_mpll (1), rate is 66500000
spi-bus: source is mout_epll (0), rate is 24000000
spi-bus: source is mout_epll (0), rate is 24000000
audio-bus: source is mout_epll (0), rate is 24000000
audio-bus: source is mout_epll (0), rate is 24000000
audio-bus: source is mout_epll (0), rate is 24000000
irda
-bus: source is mout_epll (0), rate is 24000000
camera: no parent clock specified
s3c64xx: 10485760 bytes SDRAM reserved for fimc at 0x5f5f8000
s3c64xx: 8388608 bytes SDRAM reserved for pp at 0x5edf8000
s3c64xx: 8388608 bytes SDRAM reserved for tv at 0x5e5f8000
s3c64xx: 6291456 bytes SDRAM reserved for mfc at 0x5dff8000
s3c64xx: 4194304 bytes SDRAM reserved for jpeg at 0x5dbf8000
Built 1 zonelists in Zone order, mobility grouping on.  Total pages: 65024
Kernel command line: root=ubi0:FriendlyARM-root ubi.mtd=2 rootfstype=ubifs  init=/linuxrc console=ttySAC0,115200
PID hash table entries: 1024 (order: 0, 4096 bytes)
Dentry cache hash table entries: 32768 (order: 5, 131072 b
ytes)
Inode-cache hash table entries: 16384 (order: 4, 65536 bytes)
Memory: 256MB = 256MB total
Memory: 215180k/215180k available, 46964k reserved, 0K highmem
Virtual kernel memory layout:
    vector  : 0xffff0000 - 0xffff1000   (   4 kB)
    fixmap  : 0xfff00000 - 0xfffe0000   ( 896 kB)
    DMA     : 0xff000000 - 0xffe00000   (  14 MB)
    vmalloc : 0xd0800000 - 0xf6000000   ( 600 MB)
    lowmem  : 0xc0000000 - 0xd0000000   ( 256 MB)
    modules : 0xbf000000 - 0xc0000000   (  16 MB)
      .init : 0xc0008000 - 0xc0168000   (1408 kB)
      .text : 0xc0168000 - 0xc0714c80   (5812 kB)
      .data : 0xc0716000 - 0xc075a540   ( 274 kB)
SLUB: Genslabs=13, HWalign=32, Order=0-3, MinObjects=0, CPUs=1, Nodes=1

Preemptable hierarchical RCU implementation.
	RCU-based detection of stalled CPUs is disabled.
	Verbose stalled-CPUs detection is disabled.
NR_IRQS:246
VIC @f6000000: id 0x00041192, vendor 0x41
VIC @f6010000: id 0x00041192, vendor 0x41
Console: colour dummy device 80x30
console [ttySAC0] enabled
Calibrating delay loop... 
530.84 BogoMIPS (lpj=2654208)
pid_max: default: 32768 minimum: 301
Mount-cache hash table entries: 512
CPU: Testing write buffer coherency: ok
NET: Registered protocol family 16
s3c64xx_dma_init: Registering DMA channels
PL080: IRQ 73, at d0808000, channels 0..8
PL080: IRQ 74, at d080c000, channels 8..16
S3C6410: Initialising architecture

bio: create slab <bio-0> at 0
SCSI subsystem initialized
usbcore: registered new interface driver usbfs
usbcore: registered new interface driver hub
usbcore: registered new device driver usb
s3c-i2c s3c2440-i2c: slave address 0x10
s3c-i2c s3c2440-i2c: bus frequency set to 64 KHz
s3c-i2c s3c2440-i2c: i2c-0: S3C I2C adapter
Advanced Linux Sound Architecture Driver Version 1.0.23.

NET: Registered protocol family 2
IP route cache hash table entries: 2048 (order: 1, 8192 bytes)
TCP established hash table entries: 8192 (order: 4, 65536 bytes)
TCP bind hash table entries: 8192 (order: 5, 163840 byte
s)
TCP: Hash tables configured (established 8192 bind 8192)
TCP reno registered
UDP hash table entries: 128 (order: 0, 6144 bytes)
UDP-Lite hash table entries: 128 (order: 0, 6144 bytes)
NET: Registered protocol family 1
RPC: Registered udp transport module.
RPC: Registered tcp transport module.
RPC: Registered tcp NFSv4.1 backchannel transport module.

NetWinder Floating Point Emulator V0.97 (double precision)

squashfs: version 4.0 (2009/01/31) Phillip Lougher
msgmni has been set to 420
io scheduler noop registered (default)
io scheduler cfq registered
S3C_LCD clock got enabled :: 133.000 Mhz
LCD TYPE :: Mini6410 will be initialized
Window[0] - FB1: map_video_memory: clear ff000000:0007f800
            FB1: map_video_memory: dma=5d780000 cpu=ff000000 size=0007f800
Window[0] - FB2: map_video_memory: clear ff03fc00:0003fc00
            FB2: map_video_memory: dma=5d7bfc00 cpu=ff03fc00 size=0003fc00

Console: switching to colour frame buffer device 60x34
fb0: s3cfb frame buffer device
Window[1] - FB1: map_video_memory: clear ff080000:0007f800
            FB1: map_video_memory: dma=5cc00000 cpu=ff080000 size=0007f800
Window[1] - FB2: map_video_memory: clear ff0bfc00:0003fc00
            FB2: map_video_memory: dma=5cc3fc00 cpu=ff0bfc00 size=0003fc00
fb1: s3cfb frame buffer device
Window[2] - FB1: map_video_memory: clear ff100000:0003fc00
            FB1: map_video_memory: dma=5d740000 cpu=ff100000 size=0003fc00
fb2: s3cfb frame buffer device
Window[3] - FB1: map_video_memory: clear ff140000:0003fc00
            FB1: map_video_memory: dma=5cc80000 cpu=ff140000 size=00
03fc00
fb3: s3cfb frame buffer device
backlight	initialized
s3c6400-uart.0: ttySAC0 at MMIO 0x7f005000 (irq = 16) is a S3C6400/10
s3c6400-uart.1: ttySAC1 at MMIO 0x7f005400 (irq = 20) is a S3C6400/10
s3c6400-uart.2: ttySAC2 at MMIO 0x7f005800 (irq = 24) is a S3C6400/10
s3c6400-uart.3: ttySAC3 at MMIO 0x7f005c00 (irq = 28) is a S3C6400/10
leds	initialized
buttons	initialized
pwm	initialized
adc	initialized

loop: module loaded
S3C NAND Driver, (c) 2008 Samsung Electronics
MLC nand initialized, 2011 ported by FriendlyARM
S3C NAND Driver is using hardware ECC.
NAND device: Manufacturer ID: 0xec, Chip ID: 0xd5 (Samsung NAND 2GiB 3,3V 8-bit)
Creating 3 MTD partitions on "NAND 2GiB 3,3V 8-bit":
0x000000000000-0x000000400000 : "Bootloader"
0x000000400000-0x000000c00000 : "Kernel"
0x000000c00000-0x000080000000 : "File System"

UBI: attaching mtd2 to ubi0
UBI: physical eraseblock size:   1048576 bytes (1024 KiB)
UBI: logical eraseblock size:    1032192 bytes
UBI: smallest flash I/O unit:    8192
UBI: VID header offset:          8192 (aligned 8192)
UBI: data offset:                16384

UBI: max. sequence number:       32

UBI: attached mtd2 to ubi0
UBI: MTD device name:            "File System"
UBI: MTD device size:            2036 MiB
UBI: number of good PEBs:        2032
UBI: number of bad PEBs:         4
UBI: number of corrupted PEBs:   0
UBI: max. allowed volumes:       128
UBI: wear-leveling threshold:    4096
UBI: number of internal volumes: 1
UBI: number of user volumes:     1
UBI: available PEBs:             0
UBI: total number of reserved PEBs: 2032
UBI: number of PEBs reserved for bad PEB handling: 20
UBI: max/mean erase counter: 2/0
UBI: image sequence number:  1043420071
UBI: background thread "ubi_bgt0d" started, 
PID 635
PPP generic driver version 2.4.2
PPP Deflate Compression module registered
PPP BSD Compression module registered
PPP MPPE Compression module registered
NET: Registered protocol family 24
dm9000 Ethernet Driver, V1.31

eth0: dm9000a at d0930000,d0e00004 IRQ 108 MAC: 08:90:90:90:90:90 (chip)
ohci_hcd: USB 1.1 'Open' Host Controller (OHCI) Driver
s3c2410-ohci s3c2410-ohci: S3C24XX OHCI
s3c2410-ohci s3c2410-ohci: new USB bus registered, assigned bus number 1
s3c2410-ohci s3c2410-ohci: irq 79, io mem 0x74300000

usb usb1: New USB device found, idVendor=1d6b, idProduct=0001
usb usb1: New USB device strings: Mfr=3, Product=2, SerialNumber=1
usb usb1: Product: S3C24XX OHCI
usb usb1: Manufacturer: Linux 2.6.38-FriendlyARM ohci_hcd
usb usb1: SerialNumber: s3c24xx
hub 1-0:1.0: USB hub found
hub 1-0:1.0: 2 ports detected
usbcore: registered new interface driver usbserial
USB Serial su
pport registered for generic
usbcore: registered new interface driver usbserial_generic
usbserial: USB Serial Driver core
USB Serial support registered for GSM modem (1-port)
usbcore: registered new interface driver option
option: v0.7.2:USB Driver for GSM modems
USB Serial support registered for aircable
usbcore: registered new interface driver aircable
USB Serial support registered for ark3116
usbcore: registered new interface driver ark3116
ark3116:v0.6:USB ARK3116 serial/IrDA driver
USB Serial support registered for Belkin / Peracom / GoHubs USB Serial Adapter
usbcore: registered new interface driver belkin
belkin_sa: v1.3:USB Belkin Serial converter driver
USB Serial support registered for ch341-uart
usbcore: registered
 new interface driver ch341
USB Serial support registered for cp210x
usbcore: registered new interface driver cp210x
cp210x: v0.09:Silicon Labs CP210x RS232 serial adaptor driver
USB Serial support registered for Reiner SCT Cyberjack USB card reader
usbcore: registered new interface driver cyberjack
cyberjack: v1.01 Matthias Bruestle
cyberjack: REINER SCT cyberJack pinpad/e-com USB Chipcard Reader Driver
USB Serial support registered for DeLorme Earthmate USB
USB Serial support registered for HID->COM RS232 Adapter
USB Serial support registered for Nokia CA-42 V2 Adapter
usbcore: registered new interface driver cypress
cypress_m8: v1.10:Cypress USB to Serial Driver
USB S
erial support registered for debug
usbcore: registered new interface driver debug
USB Serial support registered for Digi 2 port USB adapter
USB Serial support registered for Digi 4 port USB adapter
usbcore: registered new interface driver digi_acceleport
digi_acceleport: v1.80.1.2:Digi AccelePort USB-2/USB-4 Serial Converter driver
USB Serial support registered for Edgeport 2 port adapter
USB Serial support registered for Edgeport 4 port adapter
USB Serial support registered for Edgeport 8 port adapter
USB Serial support registered for EPiC device
usbcore: registered new interface driver io_edgeport
io_edgeport: v2.7:Edgeport USB Serial Driver
USB Serial support registered for Edgeport TI 1 port adapter
USB Serial support regi
stered for Edgeport TI 2 port adapter
usbcore: registered new interface driver io_ti
io_ti: v0.7mode043006:Edgeport USB Serial Driver
USB Serial support registered for empeg
usbcore: registered new interface driver empeg
empeg: v1.3:USB Empeg Mark I/II Driver
USB Serial support registered for FTDI USB Serial Device
usbcore: registered new interface driver ftdi_sio
ftdi_sio: v1.6.0:USB FTDI Serial Converters Driver
USB Serial support registered for funsoft
usbcore: registered new interface driver funsoft
USB Serial support registered for Garmin GPS usb/tty
usbcore: registered new interface driver garmin_gps
garmin_gps: v0.33:garmin gps driver
USB Serial support registered for hp4X
usbcore: r
egistered new interface driver hp4X
hp4x: v1.00:HP4x (48/49) Generic Serial driver
USB Serial support registered for PocketPC PDA
usbcore: registered new interface driver ipaq
ipaq: v1.0:USB PocketPC PDA driver
USB Serial support registered for IPWireless converter
usbcore: registered new interface driver ipwtty
ipw: v0.4:IPWireless tty driver
USB Serial support registered for IR Dongle
usbcore: registered new interface driver ir-usb
ir_usb: v0.5:USB IR Dongle driver
USB Serial support registered for iuu_phoenix
usbcore: registered new interface driver iuu_phoenix
iuu_phoenix: v0.12:Infinity USB Unlimited Phoenix driver
USB Serial support registered for Keyspan - (witho
ut firmware)
USB Serial support registered for Keyspan 1 port adapter
USB Serial support registered for Keyspan 2 port adapter
USB Serial support registered for Keyspan 4 port adapter
usb 1-1: new full speed USB device using s3c2410-ohci and address 2
usbcore: registered new interface driver keyspan
keyspan: v1.1.5:Keyspan USB to Serial Converter Driver
USB Serial support registered for Keyspan PDA
USB Serial support registered for Keyspan PDA - (prerenumeration)
USB Serial support registered for Xircom / Entregra PGS - (prerenumeration)
usbcore: registered new interface driver keyspan_pda
keyspan_pda: v1.1:USB Keyspan PDA Converter driver
USB Serial support registered for KL5KUSB105D / PalmConnect
usbco
re: registered new interface driver kl5kusb105d
kl5kusb105: v0.4:KLSI KL5KUSB105 chipset USB->Serial Converter driver
USB Serial support registered for KOBIL USB smart card terminal
usbcore: registered new interface driver kobil
kobil_sct: 21/05/2004:KOBIL USB Smart Card Terminal Driver (experimental)
USB Serial support registered for MCT U232
usbcore: registered new interface driver mct_u232
mct_u232: z2.1:Magic Control Technology USB-RS232 converter driver
USB Serial support registered for Moschip 2 port adapter
mos7720: 2.1:Moschip USB Serial Driver
usbcore: registered new interface driver moschip7720
USB Serial support registered for Moschip 7840/7820 USB Serial Driver
mos7840: 1.3.2:Moschip 7840/7820 USB Serial Driver
usb
core: registered new interface driver mos7840
USB Serial support registered for moto-modem
usbcore: registered new interface driver moto-modem
USB Serial support registered for navman
usbcore: registered new interface driver navman
USB Serial support registered for ZyXEL - omni.net lcd plus usb
usbcore: registered new interface driver omninet
omninet: v1.1:USB ZyXEL omni.net LCD PLUS Driver
USB Serial support registered for opticon
usbcore: registered new interface driver opticon
USB Serial support registered for oti6858
usbcore: registered new interface driver oti6858
USB Serial support registered for pl2303
usbcore: registered new interface driver pl2303
pl2303: Prolific PL2303 
USB to serial adaptor driver
USB Serial support registered for qcaux
usbcore: registered new interface driver qcaux
USB Serial support registered for Qualcomm USB modem
usbcore: registered new interface driver qcserial
safe_serial: v0.1:USB Safe Encapsulated Serial
USB Serial support registered for safe_serial
usb 1-1: New USB device found, idVendor=05e3, idProduct=0606
usb 1-1: New USB device strings: Mfr=1, Product=2, SerialNumber=0
usbcore: registered new interface driver safe_serial
USB Serial support registered for sam-ba
usb 1-1: Product: USB Hub 2.0
usbcore: registered new interface driver sam-ba
sam_ba: v1.0: Atmel SAM Boot Assistant (SAM-BA) driver
hub 1-1:1.0: USB hub found
hub 1-1:1.0: 4 ports detected
USB Serial
 support registered for siemens_mpi
usbcore: registered new interface driver siemens_mpi
Driver for Siemens USB/MPI adapter
Version 0.1 09/26/2005 Thomas Hergenhahn@web.de http://libnodave.sf.net
USB Serial support registered for Sierra USB modem
usbcore: registered new interface driver sierra
sierra: v.1.7.16:USB Driver for Sierra Wireless USB modems
USB Serial support registered for SPCP8x5
usbcore: registered new interface driver spcp8x5
spcp8x5: v0.10:SPCP8x5 USB to serial adaptor driver
USB Serial support registered for Quatech SSU-100 USB to Serial Driver
usbcore: registered new interface driver ssu100
ssu100: v0.1:Quatech SSU-100 USB to Seria
l Driver
USB Serial support registered for symbol
usbcore: registered new interface driver symbol
USB Serial support registered for TI USB 3410 1 port adapter
USB Serial support registered for TI USB 5052 2 port adapter
usbcore: registered new interface driver ti_usb_3410_5052
ti_usb_3410_5052: v0.10:TI USB 3410/5052 Serial Driver
USB Serial support registered for Handspring Visor / Palm OS
USB Serial support registered for Sony Clie 3.5
USB Serial support registered for Sony Clie 5.0
usbcore: registered new interface driver visor
visor: USB HandSpring Visor / Palm OS driver
USB Serial support registered for Connect Tech - WhiteHEAT - (prerenumeration)
USB Serial support registered for Connect Tech - WhiteHEAT
usbcore: registered new in
terface driver whiteheat
whiteheat: v2.0:USB ConnectTech WhiteHEAT driver
USB Serial support registered for vivopay-serial
usbcore: registered new interface driver vivopay-serial
vivopay_serial: v1.0:ViVOpay USB Serial Driver
USB Serial support registered for zio
usbcore: registered new interface driver zio
Initializing USB Mass Storage driver...
usbcore: registered new interface driver usb-storage
USB Mass Storage support registered.
s3c-hsotg s3c-hsotg: regs d0940000, irq 90
s3c-hsotg s3c-hsotg: s3c_hsotg_corereset: reset failed, GRSTCTL=80000001
s3c-hsotg s3c-hsotg: GRXFSIZ=0x00001800, GNPTXFSIZ=0x18001800
s3c-hsotg s3c-hsotg: shared fifos
s3c-hsotg s3c-hsotg: cannot create debug root
s3c
-hsotg s3c-hsotg: DCFG=0x00200000, DCTL=0x00000002, DIEPMSK=0000000f
s3c-hsotg s3c-hsotg: GAHBCFG=0x00000000, 0x44=0x00000000
s3c-hsotg s3c-hsotg: GRXFSIZ=0x00000800, GNPTXFSIZ=0x04000800
s3c-hsotg s3c-hsotg: DPTx[1] FSize=768, StAddr=0x00000f00
s3c-hsotg s3c-hsotg: DPTx[2] FSize=768, StAddr=0x00001200
s3c-hsotg s3c-hsotg: DPTx[3] FSize=768, StAddr=0x00001500
s3c-hsotg s3c-hsotg: DPTx[4] FSize=768, StAddr=0x00001800
s3c-hsotg s3c-hsotg: DPTx[5] FSize=768, StAddr=0x00001b00
s3c-hsotg s3c-hsotg: DPTx[6] FSize=768, StAddr=0x00001e00
s3c-hsotg s3c-hsotg: DPTx[7] FSize=768, StAddr=0x00002100
s3c-hsotg s3c-hsotg: DPTx[8] FSize=768, StAddr=0x00002400
s3c-hsotg s3c-hsotg: DPTx[9] FSize=768, 
StAddr=0x00002700
s3c-hsotg s3c-hsotg: DPTx[10] FSize=768, StAddr=0x00002a00
s3c-hsotg s3c-hsotg: DPTx[11] FSize=768, StAddr=0x00002d00
s3c-hsotg s3c-hsotg: DPTx[12] FSize=768, StAddr=0x00003000
s3c-hsotg s3c-hsotg: DPTx[13] FSize=768, StAddr=0x00003300
s3c-hsotg s3c-hsotg: DPTx[14] FSize=768, StAddr=0x00003600
s3c-hsotg s3c-hsotg: DPTx[15] FSize=768, StAddr=0x00003900
s3c-hsotg s3c-hsotg: ep0-in: EPCTL=0x00008000, SIZ=0x00000000, DMA=0x00000000
s3c-hsotg s3c-hsotg: ep0-out: EPCTL=0x00008000, SIZ=0x00000000, DMA=0x00000000
s3c-hsotg s3c-hsotg: ep1-in: EPCTL=0x00000000, SIZ=0x00000000, DMA=0x00000000
s3c-hsotg s3c-hsotg: ep1-out: EPCTL=0x00000000, SIZ=0x00000000, DMA=0x00000000
s3c-hsotg s3c-hso
tg: ep2-in: EPCTL=0x00000000, SIZ=0x00000000, DMA=0x00000000
s3c-hsotg s3c-hsotg: ep2-out: EPCTL=0x00000000, SIZ=0x00000000, DMA=0x00000000
s3c-hsotg s3c-hsotg: ep3-in: EPCTL=0x00000000, SIZ=0x00000000, DMA=0x00000000
s3c-hsotg s3c-hsotg: ep3-out: EPCTL=0x00000000, SIZ=0x00000000, DMA=0x00000000
s3c-hsotg s3c-hsotg: ep4-in: EPCTL=0x00000000, SIZ=0x00000000, DMA=0x00000000
s3c-hsotg s3c-hsotg: ep4-out: EPCTL=0x00000000, SIZ=0x00000000, DMA=0x00000000
s3c-hsotg s3c-hsotg: ep5-in: EPCTL=0x00000000, SIZ=0x00000000, DMA=0x00000000
s3c-hsotg s3c-hsotg: ep5-out: EPCTL=0x00000000, SIZ=0x00000000, DMA=0x00000000
s3c-hsotg s3c-hsotg: ep6-in: EPCTL=0x00000000, SIZ=0x00000000, DMA=0x00000000
s3c-hsotg s3c-hsotg: ep6-out: EPCTL=0x00000000, SIZ=0x00000000,
 DMA=0x00000000
s3c-hsotg s3c-hsotg: ep7-in: EPCTL=0x00000000, SIZ=0x00000000, DMA=0x00000000
s3c-hsotg s3c-hsotg: ep7-out: EPCTL=0x00000000, SIZ=0x00000000, DMA=0x00000000
s3c-hsotg s3c-hsotg: ep8-in: EPCTL=0x00000000, SIZ=0x00000000, DMA=0x00000000
s3c-hsotg s3c-hsotg: ep8-out: EPCTL=0x00000000, SIZ=0x00000000, DMA=0x00000000
s3c-hsotg s3c-hsotg: ep9-in: EPCTL=0x00000000, SIZ=0x00000000, DMA=0x00000000
s3c-hsotg s3c-hsotg: ep9-out: EPCTL=0x00000000, SIZ=0x00000000, DMA=0x00000000
s3c-hsotg s3c-hsotg: ep10-in: EPCTL=0x00000000, SIZ=0x00000000, DMA=0x00000000
s3c-hsotg s3c-hsotg: ep10-out: EPCTL=0x00000000, SIZ=0x00000000, DMA=0x00000000
s3c-hsotg s3c-hsotg: ep11
-in: EPCTL=0x00000000, SIZ=0x00000000, DMA=0x00000000
s3c-hsotg s3c-hsotg: ep11-out: EPCTL=0x00000000, SIZ=0x00000000, DMA=0x00000000
s3c-hsotg s3c-hsotg: ep12-in: EPCTL=0x00000000, SIZ=0x00000000, DMA=0x00000000
s3c-hsotg s3c-hsotg: ep12-out: EPCTL=0x00000000, SIZ=0x00000000, DMA=0x00000000
s3c-hsotg s3c-hsotg: ep13-in: EPCTL=0x00000000, SIZ=0x00000000, DMA=0x00000000
s3c-hsotg s3c-hsotg: ep13-out: EPCTL=0x00000000, SIZ=0x00000000, DMA=0x00000000
s3c-hsotg s3c-hsotg: ep14-in: EPCTL=0x00000000, SIZ=0x00000000, DMA=0x00000000
s3c-hsotg s3c-hsotg: ep14-out: EPCTL=0x00000000, SIZ=0x00000000, DMA=0x00000000
s3c-hsotg s3c-hsotg: DVBUSDIS=0x000017d7, DVBUSPULSE=000005b8
mousedev: PS/2 mouse device comm
on for all mice
touchscreen-1wire	initialized
backlight-1wire	initialized
input: TouchScreen Pipe as /devices/virtual/input/input0
ts-if	initialized
S3C24XX RTC, (c) 2004,2006 Simtec Electronics
one_wire_status: 4
s3c-rtc s3c64xx-rtc: rtc disabled, re-enabling
s3c-rtc s3c64xx-rtc: rtc core: registered s3c as rtc0
i2c /dev entries driver
Linux video capture interface: v2.00
i2c-core: driver [tuner] using legacy suspend method
i2c-core: driver [tuner] using legacy resume method
i2c-core: driver [msp3400] using legacy suspend method
i2c-core: driver [msp3400] using legacy resume method
usbcore: registered new interface driver usbvision
one_wire_status: 4
USBVision USB Video Device Driver for Linux : 0.9.10
usbcore: registered new interf
ace driver pvrusb2
pvrusb2: V4L in-tree version:Hauppauge WinTV-PVR-USB2 MPEG2 Encoder/Tuner
pvrusb2: Debug mask is 31 (0x1f)
usbcore: registered new interface driver zr364xx
zr364xx: Zoran 364xx
usbcore: registered new interface driver stkwebcam
pwc: Philips webcam module version 10.0.14 loaded.
pwc: Supports Philips PCA645/646, PCVC675/680/690, PCVC720[40]/730/740/750 & PCVC830/840.
one_wire_status: 4
pwc: Also supports the Askey VC010, various Logitech Quickcams, Samsung MPC-C10 and MPC-C30,
pwc: the Creative WebCam 5 & Pro Ex, SOTEC Afina Eye and Visionite VCS-UC300 and VCS-UM100.
one_wire_status: 4
usbcore: registered new interface driver Philips webcam

gspca: v2.12.0 registered
usbcore: registered new interface driver benq
usbcore: registered new interface driver conex
usbcore: registered new interface driver cpia1
usbcore: registered new interface driver etoms
usbcore: registered new interface driver finepix
usbcore: registered new interface driver jeilinj
usbcore: registered new interface driver konica
one_wire_status: 4
usbcore: registered new interface driver mars
usbcore: registered new interface driver mr97310a
usbcore: registered new interface driver ov519
usbcore: registered new interface driver ov534
usbcore: registered new interface driver ov534_9
usbcore: registered new interface driver pac207
usbcore: registered new interface driver pac7302
usbcore: registered new interfa
ce driver pac7311
usbcore: registered new interface driver sn9c2028
one_wire_status: 4
usbcore: registered new interface driver sn9c20x
usbcore: registered new interface driver sonixb
usbcore: registered new interface driver sonixj
usbcore: registered new interface driver spca500
usbcore: registered new interface driver spca501
usbcore: registered new interface driver spca505
usbcore: registered new interface driver spca506
spca506: registered
usbcore: registered new interface driver spca508
one_wire_status: 5
usbcore: registered new interface driver spca561
usbcore: registered new interface driver spca1528
usbcore: registered new interface driver sq905
usbcore: registered new interface dr
iver sq905c
usbcore: registered new interface driver sq930x
usbcore: registered new interface driver sunplus
usbcore: registered new interface driver stk014
usbcore: registered new interface driver stv0680
usbcore: registered new interface driver t613
one_wire_status: 4
usbcore: registered new interface driver tv8532
usbcore: registered new interface driver vc032x
usbcore: registered new interface driver xirlink-cit
usbcore: registered new interface driver zc3xx
usbcore: registered new interface driver ALi m5602
usbcore: registered new interface driver STV06xx
gspca_gl860: driver startup - version 0.9d10
usbcore: registered new interface driver gspca_gl860
usbcore: registered new i
nterface driver hdpvr
one_wire_status: 4
usbcore: registered new interface driver s2255
s3c-fimc: controller 0 registered successfully
s3c-fimc: controller 1 registered successfully
FIMC Driver, 2010 ported by FriendlyARM http://www.arm9.net
ov965x: probe
s3c-fimc: i2c transfer error
s3c-fimc: i2c transfer error
s3c-fimc: i2c transfer error
s3c-fimc: i2c transfer error
s3c-fimc: ov965x: Product ID fb:fb Manufacturer ID fb:fb
parent clock for camera: 266.000 MHz, divisor: 11
one_wire_status: 3
[CAM]RESET CAM.

S3C6400 MFC Driver, (c) 2007 Samsung Electronics, 2010 ported by
 FriendlyARM http://www.arm9.net
 S3C6400 MFC Driver init OK. 
S3C PostProcessor Driver v3.12, (c) 2009 Samsung Electronics
S3C6410 TV encoder Driver, (c) 2008 Samsung Electronics
 S3C6410 TV encoder Driver init OK. 
S3C6410 TV scaler Driver, (c) 2008 Samsung Electronics
 S3C6410 TV scaler Driver init OK. 
S3C Rotator Driver, (c) 2008 Samsung Electronics
s3c_rotator_probe called
s3c_rotator_probe success
S3C JPEG Driver, (c) 2007 Samsung Electronics
s3c_g2d_probe called
 s3c_g2d_probe Success
 S3C G2D Init : Done
S3C G3D Driver, (c) 2007-2009 Samsung Electronics
s3c_g3d version : 0x1050000
 S3C G3D Init : Done
usbcore: registered new interface driver uvcvideo
USB Video Class driver (v1.0.
0)
S3C2410 Watchdog Timer, (c) 2004 Simtec Electronics
s3c2410-wdt s3c2410-wdt: watchdog inactive, reset disabled, irq enabled
one_wire_status: 4
sdhci: Secure Digital Host Controller Interface driver
sdhci: Copyright(c) Pierre Ossman
s3c-sdhci s3c-sdhci.0: clock source 0: hsmmc (133000000 Hz)
s3c-sdhci s3c-sdhci.0: clock source 1: hsmmc (133000000 Hz)
s3c-sdhci s3c-sdhci.0: clock source 2: mmc_bus (24000000 Hz)
mmc0: SDHCI controller on samsung-hsmmc [s3c-sdhci.0] using ADMA
s3c-sdhci s3c-sdhci.1: clock source 0: hsmmc (133000000 Hz)
s3c-sdhci s3c-sdhci.1: clock source 1: hsmmc (133000000 Hz)
one_wire_status: 4
s3c-sdhci s3c-sdhci.1: clock source 2: mmc_bus (24000000 Hz)
mmc1: SDHCI controll
er on samsung-hsmmc [s3c-sdhci.1] using ADMA
usbcore: registered new interface driver usbhid
usbhid: USB HID core driver
ALSA device list:
  No soundcards found.
TCP cubic registered
NET: Registered protocol family 17
VFP support v0.3: implementor 41 architecture 1 part 20 variant b rev 5
s3c-rtc s3c64xx-rtc: setting system clock to 2000-01-01 02:11:56 UTC (946692716)
Freeing init memory: 1408K

U
BIFS: recovery needed

UBIFS: recovery completed
UBIFS: mounted UBI device 0, volume 0, name "FriendlyARM-root"
UBIFS: file system size:   2062319616 bytes (2013984 KiB, 1966 MiB, 1998 LEBs)
UBIFS: journal size:       12517376 bytes (12224 KiB, 11 MiB, 13 LEBs)
UBIFS: media format:       w4/r0 (latest is w4/r0)
one_wire_status: 2
UBIFS: default compressor: lzo
UBIFS: reserved for root:  0 bytes (0 KiB)

fa_cpu_pfn: module license 'Proprietary' taints kernel.
Disabling lock debugging due to kernel taint
FriendlyARM proprietary driver for mini6410 initialized.

[31/Dec/1999:18:12:02 +0000] boa: server version Boa/0.94.13
[31/Dec/1999:18:12:02 +0000] boa: server built Dec 30 2010 at 11:18:35.
[31/Dec/1999:18:12:02 +0000] boa: starting server pid=944, port 80

asoc: wm9713-hifi <-> samsung-ac97 mapping ok

Try to bring eth0 interface up......
eth0: link down

Done

eth0: link up, 100Mbps, full-duplex, lpa 0xDDE1







OK


U-Boot 1.1.6 (Oct 18 2011 - 15:23:51) for FriendlyARM MINI6410



CPU:     S3C6410@532MHz

         Fclk = 532MHz, Hclk = 133MHz
, Pclk = 66MHz, Serial = CLKUART (SYNC Mode) 

Board:   MINI6410

DRAM:    256 MB

Flash:   0 kB

NAND:    2048 MB 


I
n:      serial

Out:     serial

Err:     serial


MAC: 08:90:90:90:90:90

Hit any key to stop autoboot:  1 
 0 


NAND read: device 0 offset 0x400000, size 0x500000


.
.
.







OK


U-Boot 1.1.6 (Oct 18 2011 - 15:23:51) for FriendlyARM MINI6410



CPU:     S3C6410@532MHz

         Fclk = 532MHz, Hclk = 133MHz, Pclk = 66MHz, Serial = CLKUART (SYNC M
ode) 

Board:   MINI6410

DRAM:    256 MB

Flash:   0 kB

NAND:    2048 MB 


In:      serial

Out:   
  serial

Err:     serial


MAC: 08:90:90:90:90:90

Hit any key to stop autoboot:  1 
 0 

##### FriendlyARM U-Boot(2011-10, NAND) for 6410 #####

[f] Format the nand flash

[v] Dow
nload u-boot.bin

[k] Download Linux/Android kernel

[y] Download root yaffs2 image

[u] Download root ubifs image

[a] Download Absolute User Application

[n] Download Nboot.nb0 for WinCE

[w] Download WinCE NK.nb0

[s] Set the boot parameter of Linux

[b] Boot Linux

[q] Quit to shell

NAND(MLC2): 2048 MiB, RAM: 256 MiB

LCD type, firmware version: 3 1127

Enter your Selection:
q

MINI6410 # 

MINI6410 # 
setevn bootargs 'root=/dev/nfs nfsroot=192.168.31.228:/home/liyongjun/tmp/mini_rootfs ip=192.168.31.6 init=/linuxrc console=ttySAC0,115200'

Unknown command 'setevn' - try 'help'

MINI6410 # 

MINI6410 # 
saveenv

Saving Environment to NAND...

Writing to Nand... 
done

MINI6410 # 

MINI6410 # 
reset

reset... 





U-Boot 1.1.6 (Oct 18 2011 - 15:23:51) for FriendlyARM MINI6410



CPU:     S3C6410@532MHz

         Fclk = 532MHz, Hclk = 133MHz, Pclk = 66MHz, Serial = CLKUART (SYNC Mode) 

Board:   MINI6410

DRAM:    256 MB

Flash:   0 kB

NAND:    2048 MB 


In:      serial

Out:     serial

Err:     serial


MAC: 08:90:90:90:90:90


Hit any key to stop autoboot:  1 
 0 


NAND read: device 0 offset 0x400000, size 0x500000


.
.
.
.
. 5242880 bytes read: OK

Boot with zImage


Starting kernel ...



Uncompressing Linux...
 done, booting the kernel.

Initializing cgroup subsys cpu
Linux version 2.6.38-FriendlyARM (liyongjun@Box) (gcc version 4.5.1 (ctng-1.8.1-FA) ) #1 PREEMPT Fri Dec 11 00:11:55 CST 2020
CPU: ARMv6-compatible processor [410fb766] revision 6 (ARMv7), cr=00c5387f
CPU: VIPT nonaliasing data cache, VIPT nonaliasing instruction cache
Machine: MINI6410
Memory policy: ECC disabled, Data cache writeback
CPU S3C6410 (id 0x36410101)
S3C24XX Clocks, Copyright 2004 Simtec Electronics
camera: n
o parent clock specified
S3C64XX: PLL settings, A=532000000, M=532000000, E=24000000
S3C64XX: HCLK2=266000000, HCLK=133000000, PCLK=66500000
mout_apll: source is fout_apll (1), rate is 532000000
mout_epll: source is epll (1), rate is 24000000
mout_mpll: source is mpll (1), rate is 532000000
mmc_bus: source is mout_epll (0), rate is 24000000
mmc_bus: source is mout_epll (0), rate is 24000000
mmc_bus: source is mout_epll (0), rate is 24000000
usb-bus-host: source is clk_48m (0), rate is 48000000
uclk1: source is dout_mpll (1), rate is 66500000
spi-bus: source is mout_epll (0), rate is 24000000
spi-bus: source is mout_epll (0), rate is 24000000
audio-bus: source is mout_epll (0), rate is 24000000
audio-bus: source is 
mout_epll (0), rate is 24000000
audio-bus: source is mout_epll (0), rate is 24000000
irda-bus: source is mout_epll (0), rate is 24000000
camera: no parent clock specified
s3c64xx: 10485760 bytes SDRAM reserved for fimc at 0x5f5f8000
s3c64xx: 8388608 bytes SDRAM reserved for pp at 0x5edf8000
s3c64xx: 8388608 bytes SDRAM reserved for tv at 0x5e5f8000
s3c64xx: 6291456 bytes SDRAM reserved for mfc at 0x5dff8000
s3c64xx: 4194304 bytes SDRAM reserved for jpeg at 0x5dbf8000
Built 1 zonelists in Zone order, mobility grouping on.  Total pages: 65024
Kernel command line: root=ubi0:FriendlyARM-root ubi.mtd=2 rootfstype=ubifs  init=/linuxrc console=ttySAC0,115200
PID hash table entries: 1024 (or
der: 0, 4096 bytes)
Dentry cache hash table entries: 32768 (order: 5, 131072 bytes)
Inode-cache hash table entries: 16384 (order: 4, 65536 bytes)
Memory: 256MB = 256MB total
Memory: 215180k/215180k available, 46964k reserved, 0K highmem
Virtual kernel memory layout:
    vector  : 0xffff0000 - 0xffff1000   (   4 kB)
    fixmap  : 0xfff00000 - 0xfffe0000   ( 896 kB)
    DMA     : 0xff000000 - 0xffe00000   (  14 MB)
    vmalloc : 0xd0800000 - 0xf6000000   ( 600 MB)
    lowmem  : 0xc0000000 - 0xd0000000   ( 256 MB)
    modules : 0xbf000000 - 0xc0000000   (  16 MB)
      .init : 0xc0008000 - 0xc0168000   (1408 kB)
      .text : 0xc0168000 - 0xc0714c80   (5812 kB)
      .data : 0xc0716000 - 0x
c075a540   ( 274 kB)
SLUB: Genslabs=13, HWalign=32, Order=0-3, MinObjects=0, CPUs=1, Nodes=1
Preemptable hierarchical RCU implementation.
	RCU-based detection of stalled CPUs is disabled.
	Verbose stalled-CPUs detection is disabled.
NR_IRQS:246
VIC @f6000000: id 0x00041192, vendor 0x41
VIC @f6010000: id 0x00041192, vendor 0x41
Console: colour dummy device 80x30
console [ttySAC0] enabled
Calibrating delay loop... 
530.84 BogoMIPS (lpj=2654208)
pid_max: default: 32768 minimum: 301
Mount-cache hash table entries: 512
CPU: Testing write buffer coherency: ok
NET: Registered protocol family 16
s3c64xx_dma_init: Registering DMA channels
PL080: IRQ 73,
 at d0808000, channels 0..8
PL080: IRQ 74, at d080c000, channels 8..16
S3C6410: Initialising architecture

bio: create slab <bio-0> at 0
SCSI subsystem initialized
usbcore: registered new interface driver usbfs
usbcore: registered new interface driver hub
usbcore: registered new device driver usb
s3c-i2c s3c2440-i2c: slave address 0x10
s3c-i2c s3c2440-i2c: bus frequency set to 64 KHz
s3c-i2c s3c2440-i2c: i2c-0: S3C I2C adapter
Advanced Linux Sound Architecture Driver Version 1.0.23.

NET: Registered protocol family 2
IP route cache hash table entries: 2048 (order: 1, 8192 bytes)
TCP established hash
 table entries: 8192 (order: 4, 65536 bytes)
TCP bind hash table entries: 8192 (order: 5, 163840 bytes)
TCP: Hash tables configured (established 8192 bind 8192)
TCP reno registered
UDP hash table entries: 128 (order: 0, 6144 bytes)
UDP-Lite hash table entries: 128 (order: 0, 6144 bytes)
NET: Registered protocol family 1
RPC: Registered udp transport module.
RPC: Registered tcp transport module.
RPC: Registered tcp NFSv4.1 backchannel transport module.

NetWinder Floating Point Emulator V0.97 (double precision)

squashfs: version 4.0 (2009/01/31) Phillip Lougher
msgmni has been set to 420
io scheduler noop registered (default)
io scheduler cfq registered
S3C_LCD clock got enabled :: 133.000 Mhz
LCD TYPE :: Mini6410 will be initialized
Window[0] - FB1: map_video_memory: clear ff000000:0007f800
            FB1: map_video_memory: dma=5d780000 cpu=ff000000 size=0007f800
Window[0] - FB2: map_video_memory: clear ff03fc0
0:0003fc00
            FB2: map_video_memory: dma=5d7bfc00 cpu=ff03fc00 size=0003fc00
Console: switching to colour frame buffer device 60x34
fb0: s3cfb frame buffer device
Window[1] - FB1: map_video_memory: clear ff080000:0007f800
            FB1: map_video_memory: dma=5cc00000 cpu=ff080000 size=0007f800
Window[1] - FB2: map_video_memory: clear ff0bfc00:0003fc00
            FB2: map_video_memory: dma=5cc3fc00 cpu=ff0bfc00 size=0003fc00
fb1: s3cfb frame buffer device
Window[2] - FB1: map_video_memory: clear ff100000:0003fc00
            FB1: map_video_memory: dma=5d740000 cpu=ff100000 size=0003fc00
fb2: s3cfb frame buffer device
Window[3] - FB1: map_vide
o_memory: clear ff140000:0003fc00
            FB1: map_video_memory: dma=5cc80000 cpu=ff140000 size=0003fc00
fb3: s3cfb frame buffer device
backlight	initialized
s3c6400-uart.0: ttySAC0 at MMIO 0x7f005000 (irq = 16) is a S3C6400/10
s3c6400-uart.1: ttySAC1 at MMIO 0x7f005400 (irq = 20) is a S3C6400/10
s3c6400-uart.2: ttySAC2 at MMIO 0x7f005800 (irq = 24) is a S3C6400/10
s3c6400-uart.3: ttySAC3 at MMIO 0x7f005c00
 (irq = 28) is a S3C6400/10
leds	initialized
buttons	initialized
pwm	initialized
adc	initialized
loop: module loaded
S3C NAND Driver, (c) 2008 Samsung Electronics
MLC nand initialized, 2011 ported by FriendlyARM
S3C NAND Driver is using hardware ECC.
NAND device: Manufacturer ID: 0xec, Chip ID: 0xd5 (Samsung NAND 2GiB 3,3V 8-bit)
Creating 3 MTD partitions on "NAND 2GiB 3,3V 8-bit":
0x000000000000-0x000000400000 : "Bootloader"
0x000000400000-0x000000c00000 : "Kernel"
0x000000c00000-0x000080000000 : "File System"

UBI: attaching mtd2 to ubi0
UBI: physical eraseblock size:   1048576 bytes (1024 KiB)
UBI: logical eraseblock size:    1032192 bytes
UBI: smallest flash I/O unit:    8192
UBI: VID header offset:          8192 (aligned 8192)
UBI: data offset:                16384

UBI: max
. sequence number:       34
UBI: attached mtd2 to ubi0
UBI: MTD device name:            "File System"
UBI: MTD device size:            2036 MiB
UBI: number of good PEBs:        2032
UBI: number of bad PEBs:         4
UBI: number of corrupted PEBs:   0
UBI: max. allowed volumes:       128
UBI: wear-leveling threshold:    4096
UBI: number of internal volumes: 1
UBI: number of user volumes:     1
UBI: available PEBs:             0
UBI: total number of reserved PEBs: 2032
UBI: number of PEBs reserved for bad PEB handling: 20
U
BI: max/mean erase counter: 2/0
UBI: image sequence number:  1043420071
UBI: background thread "ubi_bgt0d" started, PID 635
PPP generic driver version 2.4.2
PPP Deflate Compression module registered
PPP BSD Compression module registered
PPP MPPE Compression module registered
NET: Registered protocol family 24
dm9000 Ethernet Driver, V1.31

eth0: dm9000a at d0930000,d0e00004 IRQ 108 MAC: 08:90:90:90:90:90 (chip)
ohci_hcd: USB 1.1 'Open' Host Controller (OHCI) Driver
s3c2410-ohci s3c2410-ohci: S3C24XX OHCI
s3c2410-ohci s3c2410-ohci: new USB bus registered, assigned bus number 1
s3c2410-ohci s3c2410-ohci: irq 79, io mem 0x74300000

usb usb1: New USB device found, idVendor=1d6b, idProduct=0001
usb usb1: New USB device strings: Mfr=3, Product=2, SerialNumber=1
usb usb1: Product: S3C24XX OHCI
usb usb1: Manufacturer: Linux 2.6.38-FriendlyARM ohci_hcd
usb usb1: SerialNumber: s3c24xx
hub 1-0:1.0: USB hub found
hub 1-0:1.0: 2 ports detecte
d
usbcore: registered new interface driver usbserial
USB Serial support registered for generic
usbcore: registered new interface driver usbserial_generic
usbserial: USB Serial Driver core
USB Serial support registered for GSM modem (1-port)
usbcore: registered new interface driver option
option: v0.7.2:USB Driver for GSM modems
USB Serial support registered for aircable
usbcore: registered new interface driver aircable
USB Serial support registered for ark3116
usbcore: registered new interface driver ark3116
ark3116:v0.6:USB ARK3116 serial/IrDA driver
USB Serial support registered for Belkin / Peracom / GoHubs USB Serial Adapter
usbcore: registered new interface driver belkin
belkin_sa: v1.3
:USB Belkin Serial converter driver
USB Serial support registered for ch341-uart
usbcore: registered new interface driver ch341
USB Serial support registered for cp210x
usbcore: registered new interface driver cp210x
cp210x: v0.09:Silicon Labs CP210x RS232 serial adaptor driver
USB Serial support registered for Reiner SCT Cyberjack USB card reader
usbcore: registered new interface driver cyberjack
cyberjack: v1.01 Matthias Bruestle
cyberjack: REINER SCT cyberJack pinpad/e-com USB Chipcard Reader Driver
USB Serial support registered for DeLorme Earthmate USB
USB Serial support registered for HID->COM RS232 Adapter
USB Serial support registered for Nokia CA-42 V2 Adapter
usbcore: reg
istered new interface driver cypress
cypress_m8: v1.10:Cypress USB to Serial Driver
USB Serial support registered for debug
usbcore: registered new interface driver debug
USB Serial support registered for Digi 2 port USB adapter
USB Serial support registered for Digi 4 port USB adapter
usbcore: registered new interface driver digi_acceleport
digi_acceleport: v1.80.1.2:Digi AccelePort USB-2/USB-4 Serial Converter driver
USB Serial support registered for Edgeport 2 port adapter
USB Serial support registered for Edgeport 4 port adapter
USB Serial support registered for Edgeport 8 port adapter
USB Serial support registered for EPiC device
usbcore: registered new interface driver io_edgeport
io_ed
geport: v2.7:Edgeport USB Serial Driver
USB Serial support registered for Edgeport TI 1 port adapter
USB Serial support registered for Edgeport TI 2 port adapter
usbcore: registered new interface driver io_ti
io_ti: v0.7mode043006:Edgeport USB Serial Driver
USB Serial support registered for empeg
usbcore: registered new interface driver empeg
empeg: v1.3:USB Empeg Mark I/II Driver
USB Serial support registered for FTDI USB Serial Device
usbcore: registered new interface driver ftdi_sio
ftdi_sio: v1.6.0:USB FTDI Serial Converters Driver
USB Serial support registered for funsoft
usbcore: registered new interface driver funsoft
USB Serial support registered for Garmin GPS usb/tty
usbcore: registered new interface driver garmin_g
ps
garmin_gps: v0.33:garmin gps driver
USB Serial support registered for hp4X
usbcore: registered new interface driver hp4X
hp4x: v1.00:HP4x (48/49) Generic Serial driver
USB Serial support registered for PocketPC PDA
usbcore: registered new interface driver ipaq
ipaq: v1.0:USB PocketPC PDA driver
USB Serial support registered for IPWireless converter
usbcore: registered new interface driver ipwtty
ipw: v0.4:IPWireless tty driver
USB Serial support registered for IR Dongle
usbcore: registered new interface driver ir-usb
ir_usb: v0.5:USB IR Dongle driver
USB Serial support registered for iuu_phoenix
usbcore: registered new interface driver iuu_phoenix
iuu_phoenix: v0.1
2:Infinity USB Unlimited Phoenix driver
USB Serial support registered for Keyspan - (without firmware)
USB Serial support registered for Keyspan 1 port adapter
USB Serial support registered for Keyspan 2 port adapter
USB Serial support registered for Keyspan 4 port adapter
usb 1-1: new full speed USB device using s3c2410-ohci and address 2
usbcore: registered new interface driver keyspan
keyspan: v1.1.5:Keyspan USB to Serial Converter Driver
USB Serial support registered for Keyspan PDA
USB Serial support registered for Keyspan PDA - (prerenumeration)
USB Serial support registered for Xircom / Entregra PGS - (prerenumeration)
usbcore: registered new interface driver keyspan_pda
keyspan_pda: v1.
1:USB Keyspan PDA Converter driver
USB Serial support registered for KL5KUSB105D / PalmConnect
usbcore: registered new interface driver kl5kusb105d
kl5kusb105: v0.4:KLSI KL5KUSB105 chipset USB->Serial Converter driver
USB Serial support registered for KOBIL USB smart card terminal
usbcore: registered new interface driver kobil
kobil_sct: 21/05/2004:KOBIL USB Smart Card Terminal Driver (experimental)
USB Serial support registered for MCT U232
usbcore: registered new interface driver mct_u232
mct_u232: z2.1:Magic Control Technology USB-RS232 converter driver
USB Serial support registered for Moschip 2 port adapter
mos7720: 2.1:Moschip USB Serial Driver
usbcore: registered new interface driver moschip7720
USB Serial support regis
tered for Moschip 7840/7820 USB Serial Driver
mos7840: 1.3.2:Moschip 7840/7820 USB Serial Driver
usbcore: registered new interface driver mos7840
USB Serial support registered for moto-modem
usbcore: registered new interface driver moto-modem
USB Serial support registered for navman
usbcore: registered new interface driver navman
USB Serial support registered for ZyXEL - omni.net lcd plus usb
usbcore: registered new interface driver omninet
omninet: v1.1:USB ZyXEL omni.net LCD PLUS Driver
USB Serial support registered for opticon
usbcore: registered new interface driver opticon
USB Serial support registered for oti6858
usbcore: registered new interface driver oti6858
USB Serial support regis
tered for pl2303
usbcore: registered new interface driver pl2303
pl2303: Prolific PL2303 USB to serial adaptor driver
USB Serial support registered for qcaux
usbcore: registered new interface driver qcaux
USB Serial support registered for Qualcomm USB modem
usbcore: registered new interface driver qcserial
safe_serial: v0.1:USB Safe Encapsulated Serial
USB Serial support registered for safe_serial
usb 1-1: New USB device found, idVendor=05e3, idProduct=0606
usb 1-1: New USB device strings: Mfr=1, Product=2, SerialNumber=0
usbcore: registered new interface driver safe_serial
USB Serial support registered for sam-ba
usb 1-1: Product: USB Hub 2.0
usbcore: registered new interface dri
ver sam-ba
sam_ba: v1.0: Atmel SAM Boot Assistant (SAM-BA) driver
hub 1-1:1.0: USB hub found
hub 1-1:1.0: 4 ports detected
USB Serial support registered for siemens_mpi
usbcore: registered new interface driver siemens_mpi
Driver for Siemens USB/MPI adapter
Version 0.1 09/26/2005 Thomas Hergenhahn@web.de http://libnodave.sf.net
USB Serial support registered for Sierra USB modem
usbcore: registered new interface driver sierra
sierra: v.1.7.16:USB Driver for Sierra Wireless USB modems
USB Serial support registered for SPCP8x5
usbcore: registered new interface driver spcp8x5
spcp8x5: v0.10:SPCP8x5 USB to serial adaptor driver
USB Serial support registered for Quatech SSU-100 USB to Serial Driver

usbcore: registered new interface driver ssu100
ssu100: v0.1:Quatech SSU-100 USB to Serial Driver
USB Serial support registered for symbol
usbcore: registered new interface driver symbol
USB Serial support registered for TI USB 3410 1 port adapter
USB Serial support registered for TI USB 5052 2 port adapter
usbcore: registered new interface driver ti_usb_3410_5052
ti_usb_3410_5052: v0.10:TI USB 3410/5052 Serial Driver
USB Serial support registered for Handspring Visor / Palm OS
USB Serial support registered for Sony Clie 3.5
USB Serial support registered for Sony Clie 5.0
usbcore: registered new interface driver visor
visor: USB HandSpring Visor / Palm OS driver
USB Serial support registered for Connect Tech - WhiteHEAT - (pr
erenumeration)
USB Serial support registered for Connect Tech - WhiteHEAT
usbcore: registered new interface driver whiteheat
whiteheat: v2.0:USB ConnectTech WhiteHEAT driver
USB Serial support registered for vivopay-serial
usbcore: registered new interface driver vivopay-serial
vivopay_serial: v1.0:ViVOpay USB Serial Driver
USB Serial support registered for zio
usbcore: registered new interface driver zio
Initializing USB Mass Storage driver...
usbcore: registered new interface driver usb-storage
USB Mass Storage support registered.
s3c-hsotg s3c-hsotg: regs d0940000, irq 90
s3c-hsotg s3c-hsotg: s3c_hsotg_corereset: reset failed, GRSTCTL=80000001
s3c-hsotg s3c-hsotg: G
RXFSIZ=0x00001800, GNPTXFSIZ=0x18001800
s3c-hsotg s3c-hsotg: shared fifos
s3c-hsotg s3c-hsotg: cannot create debug root
s3c-hsotg s3c-hsotg: DCFG=0x00200000, DCTL=0x00000002, DIEPMSK=0000000f
s3c-hsotg s3c-hsotg: GAHBCFG=0x00000000, 0x44=0x00000000
s3c-hsotg s3c-hsotg: GRXFSIZ=0x00000800, GNPTXFSIZ=0x04000800
s3c-hsotg s3c-hsotg: DPTx[1] FSize=768, StAddr=0x00000f00
s3c-hsotg s3c-hsotg: DPTx[2] FSize=768, StAddr=0x00001200
s3c-hsotg s3c-hsotg: DPTx[3] FSize=768, StAddr=0x00001500
s3c-hsotg s3c-hsotg: DPTx[4] FSize=768, StAddr=0x00001800
s3c-hsotg s3c-hsotg: DPTx[5] FSize=768, StAddr=0x00001b00
s3c-hsotg s3c-hsotg: DPTx[6] FSize=768, StAddr=0x00001e00
s3c-hsotg s3c-hsotg: DPTx[7] FSize=768, StAddr=0x00002100
s3c-hsot
g s3c-hsotg: DPTx[8] FSize=768, StAddr=0x00002400
s3c-hsotg s3c-hsotg: DPTx[9] FSize=768, StAddr=0x00002700
s3c-hsotg s3c-hsotg: DPTx[10] FSize=768, StAddr=0x00002a00
s3c-hsotg s3c-hsotg: DPTx[11] FSize=768, StAddr=0x00002d00
s3c-hsotg s3c-hsotg: DPTx[12] FSize=768, StAddr=0x00003000
s3c-hsotg s3c-hsotg: DPTx[13] FSize=768, StAddr=0x00003300
s3c-hsotg s3c-hsotg: DPTx[14] FSize=768, StAddr=0x00003600
s3c-hsotg s3c-hsotg: DPTx[15] FSize=768, StAddr=0x00003900
s3c-hsotg s3c-hsotg: ep0-in: EPCTL=0x00008000, SIZ=0x00000000, DMA=0x00000000
s3c-hsotg s3c-hsotg: ep0-out: EPCTL=0x00008000, SIZ=0x00000000, DMA=0x00000000
s3c-hsotg s3c-hsotg: ep1-in: EPCTL=0x00000000, SIZ=0x00000000, DMA=0x00000000
s3c-hsotg s3c-hsot
g: ep1-out: EPCTL=0x00000000, SIZ=0x00000000, DMA=0x00000000
s3c-hsotg s3c-hsotg: ep2-in: EPCTL=0x00000000, SIZ=0x00000000, DMA=0x00000000
s3c-hsotg s3c-hsotg: ep2-out: EPCTL=0x00000000, SIZ=0x00000000, DMA=0x00000000
s3c-hsotg s3c-hsotg: ep3-in: EPCTL=0x00000000, SIZ=0x00000000, DMA=0x00000000
s3c-hsotg s3c-hsotg: ep3-out: EPCTL=0x00000000, SIZ=0x00000000, DMA=0x00000000
s3c-hsotg s3c-hsotg: ep4-in: EPCTL=0x00000000, SIZ=0x00000000, DMA=0x00000000
s3c-hsotg s3c-hsotg: ep4-out: EPCTL=0x00000000, SIZ=0x00000000, DMA=0x00000000
s3c-hsotg s3c-hsotg: ep5-in: EPCTL=0x00000000, SIZ=0x00000000, DMA=0x00000000
s3c-hsotg s3c-hsotg: ep5-out: EPCTL=0x00000000, SIZ=0x00000000, DMA=0x00000000
s3c-hsotg s3c-hs
otg: ep6-in: EPCTL=0x00000000, SIZ=0x00000000, DMA=0x00000000
s3c-hsotg s3c-hsotg: ep6-out: EPCTL=0x00000000, SIZ=0x00000000, DMA=0x00000000
s3c-hsotg s3c-hsotg: ep7-in: EPCTL=0x00000000, SIZ=0x00000000, DMA=0x00000000
s3c-hsotg s3c-hsotg: ep7-out: EPCTL=0x00000000, SIZ=0x00000000, DMA=0x00000000
s3c-hsotg s3c-hsotg: ep8-in: EPCTL=0x00000000, SIZ=0x00000000, DMA=0x00000000
s3c-hsotg s3c-hsotg: ep8-out: EPCTL=0x00000000, SIZ=0x00000000, DMA=0x00000000
s3c-hsotg s3c-hsotg: ep9-in: EPCTL=0x00000000, SIZ=0x00000000, DMA=0x00000000
s3c-hsotg s3c-hsotg: ep9-out: EPCTL=0x00000000, SIZ=0x00000000, DMA=0x00000000
s3c-hsotg s3c-hsotg: ep10-in: EPCTL=0x00000000, SIZ=0x00000000, DMA=0x00000000
s3c-
hsotg s3c-hsotg: ep10-out: EPCTL=0x00000000, SIZ=0x00000000, DMA=0x00000000
s3c-hsotg s3c-hsotg: ep11-in: EPCTL=0x00000000, SIZ=0x00000000, DMA=0x00000000
s3c-hsotg s3c-hsotg: ep11-out: EPCTL=0x00000000, SIZ=0x00000000, DMA=0x00000000
s3c-hsotg s3c-hsotg: ep12-in: EPCTL=0x00000000, SIZ=0x00000000, DMA=0x00000000
s3c-hsotg s3c-hsotg: ep12-out: EPCTL=0x00000000, SIZ=0x00000000, DMA=0x00000000
s3c-hsotg s3c-hsotg: ep13-in: EPCTL=0x00000000, SIZ=0x00000000, DMA=0x00000000
s3c-hsotg s3c-hsotg: ep13-out: EPCTL=0x00000000, SIZ=0x00000000, DMA=0x00000000
s3c-hsotg s3c-hsotg: ep14-in: EPCTL=0x00000000, SIZ=0x00000000, DMA=0x00000000
s3c-hsotg s3c-hsotg: ep14-out: EPCTL=0x00000000, SIZ=0x00000000, DMA=0x00000000
s3c-hsotg s3c-hs
otg: DVBUSDIS=0x000017d7, DVBUSPULSE=000005b8
mousedev: PS/2 mouse device common for all mice
touchscreen-1wire	initialized
backlight-1wire	initialized
input: TouchScreen Pipe as /devices/virtual/input/input0
ts-if	initialized
S3C24XX RTC, (c) 2004,2006 Simtec Electronics
one_wire_status: 4
s3c-rtc s3c64xx-rtc: rtc disabled, re-enabling
s3c-rtc s3c64xx-rtc: rtc core: registered s3c as rtc0
i2c /dev entries driver
Linux video capture interface: v2.00
i2c-core: driver [tuner] using legacy suspend method
i2c-core: driver [tuner] using legacy resume method
i2c-core: driver [msp3400] using legacy suspend method
i2c-core: driver [msp3400] using legacy resume method
usbcore: registered new interfa
ce driver usbvision
one_wire_status: 4
USBVision USB Video Device Driver for Linux : 0.9.10
usbcore: registered new interface driver pvrusb2
pvrusb2: V4L in-tree version:Hauppauge WinTV-PVR-USB2 MPEG2 Encoder/Tuner
pvrusb2: Debug mask is 31 (0x1f)
usbcore: registered new interface driver zr364xx
zr364xx: Zoran 364xx
usbcore: registered new interface driver stkwebcam
pwc: Philips webcam module version 10.0.14 loaded.
pwc: Supports Philips PCA645/646, PCVC675/680/690, PCVC720[40]/730/740/750 & PCVC830/840.
one_wire_status: 4
pwc: Also supports the Askey VC010, various Logitech Quickcams, Samsung MPC-C10 and MPC-C30,
pwc: the Creative WebCam 5 & Pro Ex, SOTEC Afina Eye and Visionite VCS-UC300 and VCS-UM100.
one_wire_
status: 4
usbcore: registered new interface driver Philips webcam
gspca: v2.12.0 registered
usbcore: registered new interface driver benq
usbcore: registered new interface driver conex
usbcore: registered new interface driver cpia1
usbcore: registered new interface driver etoms
usbcore: registered new interface driver finepix
usbcore: registered new interface driver jeilinj
usbcore: registered new interface driver konica
one_wire_status: 4
usbcore: registered new interface driver mars
usbcore: registered new interface driver mr97310a
usbcore: registered new interface driver ov519
usbcore: registered new interface driver ov534
usbcore: registered new interface driver ov534_9
usbcore: registe
red new interface driver pac207
usbcore: registered new interface driver pac7302
usbcore: registered new interface driver pac7311
usbcore: registered new interface driver sn9c2028
one_wire_status: 4
usbcore: registered new interface driver sn9c20x
usbcore: registered new interface driver sonixb
usbcore: registered new interface driver sonixj
usbcore: registered new interface driver spca500
usbcore: registered new interface driver spca501
usbcore: registered new interface driver spca505
usbcore: registered new interface driver spca506
spca506: registered
usbcore: registered new interface driver spca508
one_wire_status: 5
usbcore: registered new interface driver spca561
usbcore: r
egistered new interface driver spca1528
usbcore: registered new interface driver sq905
usbcore: registered new interface driver sq905c
usbcore: registered new interface driver sq930x
usbcore: registered new interface driver sunplus
usbcore: registered new interface driver stk014
usbcore: registered new interface driver stv0680
usbcore: registered new interface driver t613
one_wire_status: 4
usbcore: registered new interface driver tv8532
usbcore: registered new interface driver vc032x
usbcore: registered new interface driver xirlink-cit
usbcore: registered new interface driver zc3xx
usbcore: registered new interface driver ALi m5602
usbcore: registered new interface driver STV06xx
gspca_gl8
60: driver startup - version 0.9d10
usbcore: registered new interface driver gspca_gl860
usbcore: registered new interface driver hdpvr
one_wire_status: 4
usbcore: registered new interface driver s2255
s3c-fimc: controller 0 registered successfully
s3c-fimc: controller 1 registered successfully
FIMC Driver, 2010 ported by FriendlyARM http://www.arm9.net
ov965x: probe
s3c-fimc: i2c transfer error
s3c-fimc: i2c transfer error
s3c-fimc: i2c transfer error
s3c-fimc: i2c transfer error
s3c-fimc: ov965x: Product ID fb:fb Manufacturer ID fb:fb
parent clock for camera: 266.000 MHz, divisor: 11
one_wire_status: 3
[CAM]RESET CAM.

S3C6400 MFC Driver, (c) 2007 Samsung Electronics, 2010 ported by FriendlyARM http://www.arm9.net
 S3C6400 MFC Driver init OK. 
S3C PostProcessor Driver v3.12, (c) 2009 Samsung Electronics
S3C6410 TV encoder Driver, (c) 2008 Samsung Electronics
 S3C6410 TV encoder Driver init OK. 
S3C6410 TV scaler Driver, (c) 2008 Samsung Electronics
 S3C6410 TV scaler Driver init OK. 
S3C Rotator Driver, (c) 2008 Samsung Electronics
s3c_rotator_probe called
s3c_rotator_probe success
S3C JPEG Driver, (c) 2007 Samsung Electronics
s3c_g2d_probe called
 s3c_g2d_probe Success
 S3C G2D Init : Done
S3C G3D Driver, (c) 2007-2009 Samsung Electronics
s3c_g3d version : 0x1050000
 S3C G3D Ini
t : Done
usbcore: registered new interface driver uvcvideo
USB Video Class driver (v1.0.0)
S3C2410 Watchdog Timer, (c) 2004 Simtec Electronics
s3c2410-wdt s3c2410-wdt: watchdog inactive, reset disabled, irq enabled
one_wire_status: 4
sdhci: Secure Digital Host Controller Interface driver
sdhci: Copyright(c) Pierre Ossman
s3c-sdhci s3c-sdhci.0: clock source 0: hsmmc (133000000 Hz)
s3c-sdhci s3c-sdhci.0: clock source 1: hsmmc (133000000 Hz)
s3c-sdhci s3c-sdhci.0: clock source 2: mmc_bus (24000000 Hz)
mmc0: SDHCI controller on samsung-hsmmc [s3c-sdhci.0] using ADMA
s3c-sdhci s3c-sdhci.1: clock source 0: hsmmc (133000000 Hz)
s3c-sdhci s3c-sdhci.1: clock source 1: hsmmc (133000000 Hz)

one_wire_status: 4
s3c-sdhci s3c-sdhci.1: clock source 2: mmc_bus (24000000 Hz)
mmc1: SDHCI controller on samsung-hsmmc [s3c-sdhci.1] using ADMA
usbcore: registered new interface driver usbhid
usbhid: USB HID core driver
ALSA device list:
  No soundcards found.
TCP cubic registered
NET: Registered protocol family 17
VFP support v0.3: implementor 41 architecture 1 part 20 variant b rev 5
s3c-rtc s3c64xx-rtc: setting system clock to 2000-01-01 02:16:54 UTC (946693014)
Freeing init memory: 1408K

UBIFS: recovery needed

UBIFS: recovery completed
UBIFS: mounted UBI device 0, volume 0, name "FriendlyARM-root"
UBIFS: file system size:   2062319616 bytes (2013984 KiB, 1966 MiB, 1998 LEBs)
UBIFS: journal size:       12517376 bytes (12224 KiB, 11 MiB, 13 LEBs)
UBIFS: media format:       w4/r0 (latest is w4/r0)
UBIFS: default compressor: lzo
UBIFS: reserved for root:  0 bytes (0 KiB)
one_wire_status: 4

fa_cpu_pfn: module license 'Proprietary' taints kernel.
Disabling lock debugging due to kernel taint
FriendlyARM proprietary driver for mini6410 initialized.

[31/Dec/1999:18:17:00 +0000] boa: server version Boa/0.94.13

[31/Dec/1999:18:17:00 +0000] boa: server built Dec 30 2010 at 11:18:35.
[31/Dec/1999:18:17:00 +0000] boa: starting server pid=944, port 80

asoc: wm9713-hifi <-> samsung-ac97 mapping ok

Try to bring eth0 interface up......
eth0: link down

Done

eth0: link up, 100Mbps, full-duplex, lpa 0xDDE1







OK


U-Boot 1.1.6 (Oct 18 2011 - 15:23:51) for FriendlyARM MINI6410



CPU:     S3C6410@532MHz

         Fclk = 532MHz, Hclk = 133MHz, Pclk = 66MHz, Serial = CLKUART (SYNC Mode) 

Board:   MINI6410

DRAM:    256 MB

Flash:   0 kB

NAND:    2048 MB 


In:      serial

Out:     serial

Err:     serial


MAC: 08:90:90:90:90:90

Hit any key
 to stop autoboot:  1 
 0 


NAND read: device 0 offset 0x400000, size 0x500000


.
.







OK


U-Boot 1.1.6 (Oct 18 2011 - 15:23:51) for FriendlyARM MINI6410



CPU:     S3C6410@532MHz

         Fclk = 532MHz, Hclk = 133MHz, Pclk = 66MHz, Serial = CLKUART (SYNC Mode) 

Board:   MINI6410

DRAM:    256 MB

Fl
ash:   0 kB

NAND:    2048 MB 


In:      serial

Out:     serial

Err:     serial


MAC: 08:90:90:90:90:90

Hit any key to stop autoboot:  1 
 0 


NAND read: device 0 offset 0x400000, size 0x500000


.
.
.
.



OK


U-Boot 1.1.6 (Oct 18 2011 - 15:23:51) for FriendlyARM MINI
6410



CPU:     S3C6410@532MHz

         Fclk = 532MHz, Hclk = 133MHz, Pclk = 66MHz, Serial = CLKUART (SYNC Mode) 

Board:   MINI6410

DRAM:    256 MB

Flash:   0 kB

NAND:    2048 MB 


In:      serial

Out:     serial

Err:     serial


MAC: 08:90:90:90:90:90

Hit any key to stop autoboot:  1 
 0 

##### FriendlyARM U-Boot(2011-10, NAND) for 6410 #####

[f] Format the nand flash

[v] Download u-boot.bin

[k] Download Linux/Android kernel

[y] Download root yaffs2 image

[u] Download ro
ot ubifs image

[a] Download Absolute User Application

[n] Download Nboot.nb0 for WinCE

[w] Download WinCE NK.nb0

[s] Set the boot parameter of Linux

[b] Boot Linux

[q] Quit to shell

NAND(MLC2): 2048 MiB, RAM: 256 MiB

LCD type, firmware version: 3 1127

Enter your Selection:
q

MINI6410 # 

MINI6410 # 
printenv

bootcmd=nand read.i c0008000 400000 500000;bootm c0008000

bootdelay=1

baudrate=115200

ethaddr=08:90:90:90:90:90

serverip=192.168.1.88

netmask=255.255.255.0

ipaddr=192.168.31.6

gatewayip=192.168.31.1

bootargs=root=ubi0:FriendlyARM-root ubi.mtd=2 rootfstype=ubifs  init=/linuxrc console=ttySAC0,115200

stdin=serial

stdout=serial

stderr=serial


Environment size: 341/131068 bytes

MINI6410 # 
setenv bootargs 'root=/dev/nfs nfsroot=192.168.31.228:/home/liyongjun/tmp/mini_rootfs ip=192.168.31.6 init=/linuxrc console
=ttySAC0,115200'

MINI6410 # 

MINI6410 # 
saveenv

Saving Environment to NAND...

Writing to Nand... 
done

MINI6410 # 

MINI6410 # 
reset

reset... 



OK


U-Boot 1.1.6 (Oct 18 2011 - 15:23:51) for FriendlyARM MINI6410



C
PU:     S3C6410@532MHz

         Fclk = 532MHz, Hclk = 133MHz, Pclk = 66MHz, Serial = CLKUART (SYNC Mode) 

Board:   MINI6410

DRAM:    256 MB

Flash:   0 kB

NAND:    2048 MB 


In:      serial

Out:     serial

Err:     serial


MAC: 08:90:90:90:90:90

Hit any key to stop autoboot:  1 
 0 


NAND read: device 0 offset 0x400000, size 0x500000


.
.
.
.
. 5242880 bytes read: OK

Boot with zImage


Starting kernel ...


Uncompressing Linux...
 done, booting the kernel.

Initializing cgroup subsys cpu
Linux version 2.6.38-FriendlyARM (liyongjun@Box) (gcc version 4.5.1 (ctng-1.8.1-FA) ) #1 PREEMPT Fri Dec 11 00:11:55 CST 2020
CPU: ARMv6-compatible processor
 [410fb766] revision 6 (ARMv7), cr=00c5387f
CPU: VIPT nonaliasing data cache, VIPT nonaliasing instruction cache
Machine: MINI6410
Memory policy: ECC disabled, Data cache writeback
CPU S3C6410 (id 0x36410101)
S3C24XX Clocks, Copyright 2004 Simtec Electronics
camera: no parent clock specified
S3C64XX: PLL settings, A=532000000, M=532000000, E=24000000
S3C64XX: HCLK2=266000000, HCLK=133000000, PCLK=66500000
mout_apll: source is fout_apll (1), rate is 532000000
mout_epll: source is epll (1), rate is 24000000
mout_mpll: source is mpll (1), rate is 532000000
mmc_bus: source is mout_epll (0), rate is 24000000
mmc_bus: source is mout_epll (0), rate is 24000000
mmc_bus: source is mout_epll (0), rate is 24000000
usb-bus-host: source 
is clk_48m (0), rate is 48000000
uclk1: source is dout_mpll (1), rate is 66500000
spi-bus: source is mout_epll (0), rate is 24000000
spi-bus: source is mout_epll (0), rate is 24000000
audio-bus: source is mout_epll (0), rate is 24000000
audio-bus: source is mout_epll (0), rate is 24000000
audio-bus: source is mout_epll (0), rate is 24000000
irda-bus: source is mout_epll (0), rate is 24000000
camera: no parent clock specified
s3c64xx: 10485760 bytes SDRAM reserved for fimc at 0x5f5f8000
s3c64xx: 8388608 bytes SDRAM reserved for pp at 0x5edf8000
s3c64xx: 8388608 bytes SDRAM reserved for tv at 0x5e5f8000
s3c64xx: 6291456 bytes SDRAM reserved for mfc at 0x5dff8000
s3c64xx: 4194304 byte
s SDRAM reserved for jpeg at 0x5dbf8000
Built 1 zonelists in Zone order, mobility grouping on.  Total pages: 65024
Kernel command line: root=/dev/nfs nfsroot=192.168.31.228:/home/liyongjun/tmp/mini_rootfs ip=192.168.31.6 init=/linuxrc console=ttySAC0,115200
PID hash table entries: 1024 (order: 0, 4096 bytes)
Dentry cache hash table entries: 32768 (order: 5, 131072 bytes)
Inode-cache hash table entries: 16384 (order: 4, 65536 bytes)
Memory: 256MB = 256MB total
Memory: 215180k/215180k available, 46964k reserved, 0K highmem
Virtual kernel memory layout:
    vector  : 0xffff0000 - 0xffff1000   (   4 kB)
    fixmap  : 0xfff00000 - 0xfffe0000   ( 896 kB)
    DMA     : 0xff000000 - 0xffe00000   (  14 MB)
    vmalloc : 0xd0800000 - 0xf
6000000   ( 600 MB)
    lowmem  : 0xc0000000 - 0xd0000000   ( 256 MB)
    modules : 0xbf000000 - 0xc0000000   (  16 MB)
      .init : 0xc0008000 - 0xc0168000   (1408 kB)
      .text : 0xc0168000 - 0xc0714c80   (5812 kB)
      .data : 0xc0716000 - 0xc075a540   ( 274 kB)
SLUB: Genslabs=13, HWalign=32, Order=0-3, MinObjects=0, CPUs=1, Nodes=1
Preemptable hierarchical RCU implementation.
	RCU-based detection of stalled CPUs is disabled.
	Verbose stalled-CPUs detection is disabled.
NR_IRQS:246
VIC @f6000000: id 0x00041192, vendor 0x41
VIC @f6010000: id 0x00041192, vendor 0x41
Console: colour dummy device 80x30
console [ttySAC0] enabled
Calibrating delay loop... 
530.84 BogoMIPS (lpj=2654208)
pid_max: default: 32768 minimum: 301
Mount-cache hash table 
entries: 512
CPU: Testing write buffer coherency: ok
NET: Registered protocol family 16
s3c64xx_dma_init: Registering DMA channels
PL080: IRQ 73, at d0808000, channels 0..8
PL080: IRQ 74, at d080c000, channels 8..16
S3C6410: Initialising architecture

bio: create slab <bio-0> at 0
SCSI subsystem initialized
usbcore: registered new interface driver usbfs
usbcore: registered new interface driver hub
usbcor
e: registered new device driver usb
s3c-i2c s3c2440-i2c: slave address 0x10
s3c-i2c s3c2440-i2c: bus frequency set to 64 KHz
s3c-i2c s3c2440-i2c: i2c-0: S3C I2C adapter
Advanced Linux Sound Architecture Driver Version 1.0.23.

NET: Registered protocol family 2
IP route cache hash table entries: 2048 (order: 1, 8192 bytes)
TCP established hash table entries: 8192 (order: 4, 65536 bytes)
TCP bind hash table entries: 8192 (order: 5, 163840 bytes)
TCP: Hash tables configured (established 8192 bind 8192)
TCP reno registered
UDP hash table entries: 128 (order: 0, 6144 bytes)
UDP-Lite hash table entries: 128 (order: 0, 6144 bytes)
NET: Registered protocol family 1
RPC: Registered udp tr
ansport module.
RPC: Registered tcp transport module.
RPC: Registered tcp NFSv4.1 backchannel transport module.
NetWinder Floating Point Emulator V0.97 (double precision)

squashfs: version 4.0 (2009/01/31) Phillip Lougher
msgmni has been set to 420
io scheduler noop registered (default)
io scheduler cfq registered
S3C_LCD clock got enabled :: 1
33.000 Mhz
LCD TYPE :: Mini6410 will be initialized
Window[0] - FB1: map_video_memory: clear ff000000:0007f800
            FB1: map_video_memory: dma=5d700000 cpu=ff000000 size=0007f800
Window[0] - FB2: map_video_memory: clear ff03fc00:0003fc00
            FB2: map_video_memory: dma=5d73fc00 cpu=ff03fc00 size=0003fc00
Console: switching to colour frame buffer device 60x34
fb0: s3cfb frame buffer device
Window[1] - FB1: map_video_memory: clear ff080000:0007f800
            FB1: map_video_memory: dma=5cc00000 cpu=ff080000 size=0007f800
Window[
1] - FB2: map_video_memory: clear ff0bfc00:0003fc00
            FB2: map_video_memory: dma=5cc3fc00 cpu=ff0bfc00 size=0003fc00
fb1: s3cfb frame buffer device
Window[2] - FB1: map_video_memory: clear ff100000:0003fc00
            FB1: map_video_memory: dma=5d7c0000 cpu=ff100000 size=0003fc00
fb2: s3cfb frame buffer device
Window[3] - FB1: map_video_memory: clear ff140000:0003fc00
            FB1: map_video_memory: dma=5cc80000 cpu=ff140000 size=0003fc00
fb3: s3cfb frame buffer device
backlight	initialized

s3c6400-uart.0: ttySAC0 at MMIO 0x7f005000 (irq = 16) is a S3C6400/10
s3c6400-uart.1: ttySAC1 at MMIO 0x7f005400 (irq = 20) is a S3C6400/10
s3c6400-uart.2: ttySAC2 at MMIO 0x7f005800 (irq = 24) is a S3C6400/10
s3c6400-uart.3: ttySAC3 at MMIO 0x7f005c00 (irq = 28) is a S3C6400/10
leds	initialized
buttons	initialized
pwm	initialized
adc	initialized
loop: module loaded
S3C NAND Driver, (c) 2008 Samsung Electronics
MLC nand initialized, 2011 ported by Friendl
yARM
S3C NAND Driver is using hardware ECC.
NAND device: Manufacturer ID: 0xec, Chip ID: 0xd5 (Samsung NAND 2GiB 3,3V 8-bit)
Creating 3 MTD partitions on "NAND 2GiB 3,3V 8-bit":
0x000000000000-0x000000400000 : "Bootloader"
0x000000400000-0x000000c00000 : "Kernel"
0x000000c00000-0x000080000000 : "File System"

PPP generic driver version 2.4.2
PPP Def
late Compression module registered
PPP BSD Compression module registered
PPP MPPE Compression module registered
NET: Registered protocol family 24
dm9000 Ethernet Driver, V1.31

eth0: dm9000a at d081e000,d0c00004 IRQ 108 MAC: 08:90:90:90:90:90 (chip)
ohci_hcd: USB 1.1 'Open' Host Controller (OHCI) Driver
s3c2410-ohci s3c2410-ohci: S3C24XX OHCI
s3c2410-ohci s3c2410-ohci: new USB bus registered, assigned bus number 1
s3c2410-ohci s3c2410-ohci: irq 79, io mem 0x74300000

usb usb1: New USB device found, idVendor=1d6b, idProduct=0001
usb usb1: New USB device strings: Mfr=3, Product=2, SerialNumber=1
usb usb1: Product: S3C24XX OHCI
usb usb1: Manufacturer: Linux 2.6.38-FriendlyARM ohci_hcd
usb usb1: SerialNumber: s3c24xx
hub 1-0:1.0: USB hub found
hub 1-0:1.0: 2 ports detected
usbcore: registered new interface driver usbserial
USB Serial support registered for generic
usbcore: registered 
new interface driver usbserial_generic
usbserial: USB Serial Driver core
USB Serial support registered for GSM modem (1-port)
usbcore: registered new interface driver option
option: v0.7.2:USB Driver for GSM modems
USB Serial support registered for aircable
usbcore: registered new interface driver aircable
USB Serial support registered for ark3116
usbcore: registered new interface driver ark3116
ark3116:v0.6:USB ARK3116 serial/IrDA driver
USB Serial support registered for Belkin / Peracom / GoHubs USB Serial Adapter
usbcore: registered new interface driver belkin
belkin_sa: v1.3:USB Belkin Serial converter driver
USB Serial support registered for ch341-uart
usbcore: registered new
 interface driver ch341
USB Serial support registered for cp210x
usbcore: registered new interface driver cp210x
cp210x: v0.09:Silicon Labs CP210x RS232 serial adaptor driver
USB Serial support registered for Reiner SCT Cyberjack USB card reader
usbcore: registered new interface driver cyberjack
cyberjack: v1.01 Matthias Bruestle
cyberjack: REINER SCT cyberJack pinpad/e-com USB Chipcard Reader Driver
USB Serial support registered for DeLorme Earthmate USB
USB Serial support registered for HID->COM RS232 Adapter
USB Serial support registered for Nokia CA-42 V2 Adapter
usbcore: registered new interface driver cypress
cypress_m8: v1.10:Cypress USB to Serial Driver
USB Serial support registered for debug
usbcore: registered new i
nterface driver debug
USB Serial support registered for Digi 2 port USB adapter
USB Serial support registered for Digi 4 port USB adapter
usbcore: registered new interface driver digi_acceleport
digi_acceleport: v1.80.1.2:Digi AccelePort USB-2/USB-4 Serial Converter driver
USB Serial support registered for Edgeport 2 port adapter
USB Serial support registered for Edgeport 4 port adapter
USB Serial support registered for Edgeport 8 port adapter
USB Serial support registered for EPiC device
usbcore: registered new interface driver io_edgeport
io_edgeport: v2.7:Edgeport USB Serial Driver
USB Serial support registered for Edgeport TI 1 port adapter
USB Serial supp
ort registered for Edgeport TI 2 port adapter
usbcore: registered new interface driver io_ti
io_ti: v0.7mode043006:Edgeport USB Serial Driver
USB Serial support registered for empeg
usbcore: registered new interface driver empeg
empeg: v1.3:USB Empeg Mark I/II Driver
USB Serial support registered for FTDI USB Serial Device
usbcore: registered new interface driver ftdi_sio
ftdi_sio: v1.6.0:USB FTDI Serial Converters Driver
USB Serial support registered for funsoft
usbcore: registered new interface driver funsoft
USB Serial support registered for Garmin GPS usb/tty
usbcore: registered new interface driver garmin_gps
garmin_gps: v0.33:garmin gps driver
USB Serial support registered for hp4X
usbcore: registered new interface driver hp4X
h
p4x: v1.00:HP4x (48/49) Generic Serial driver
USB Serial support registered for PocketPC PDA
usbcore: registered new interface driver ipaq
ipaq: v1.0:USB PocketPC PDA driver
USB Serial support registered for IPWireless converter
usbcore: registered new interface driver ipwtty
ipw: v0.4:IPWireless tty driver
USB Serial support registered for IR Dongle
usbcore: registered new interface driver ir-usb
ir_usb: v0.5:USB IR Dongle driver
USB Serial support registered for iuu_phoenix
usbcore: registered new interface driver iuu_phoenix
iuu_phoenix: v0.12:Infinity USB Unlimited Phoenix driver
USB Serial support registered for Keyspan - (without firmware)
USB Serial support registered for Ke
yspan 1 port adapter
USB Serial support registered for Keyspan 2 port adapter
USB Serial support registered for Keyspan 4 port adapter
usb 1-1: new full speed USB device using s3c2410-ohci and address 2
usbcore: registered new interface driver keyspan
keyspan: v1.1.5:Keyspan USB to Serial Converter Driver
USB Serial support registered for Keyspan PDA
USB Serial support registered for Keyspan PDA - (prerenumeration)
USB Serial support registered for Xircom / Entregra PGS - (prerenumeration)
usbcore: registered new interface driver keyspan_pda
keyspan_pda: v1.1:USB Keyspan PDA Converter driver
USB Serial support registered for KL5KUSB105D / PalmConnect
usbcore: registered new interface driver kl
5kusb105d
kl5kusb105: v0.4:KLSI KL5KUSB105 chipset USB->Serial Converter driver
USB Serial support registered for KOBIL USB smart card terminal
usbcore: registered new interface driver kobil
kobil_sct: 21/05/2004:KOBIL USB Smart Card Terminal Driver (experimental)
USB Serial support registered for MCT U232
usbcore: registered new interface driver mct_u232
mct_u232: z2.1:Magic Control Technology USB-RS232 converter driver
USB Serial support registered for Moschip 2 port adapter
mos7720: 2.1:Moschip USB Serial Driver
usbcore: registered new interface driver moschip7720
USB Serial support registered for Moschip 7840/7820 USB Serial Driver
mos7840: 1.3.2:Moschip 7840/7820 USB Serial Driver
usbcore: registered new interf
ace driver mos7840
USB Serial support registered for moto-modem
usbcore: registered new interface driver moto-modem
USB Serial support registered for navman
usbcore: registered new interface driver navman
USB Serial support registered for ZyXEL - omni.net lcd plus usb
usbcore: registered new interface driver omninet
omninet: v1.1:USB ZyXEL omni.net LCD PLUS Driver
USB Serial support registered for opticon
usbcore: registered new interface driver opticon
USB Serial support registered for oti6858
usbcore: registered new interface driver oti6858
USB Serial support registered for pl2303
usbcore: registered new interface driver pl2303
pl2303: Prolific PL2303 USB to serial adaptor driver
USB Seri
al support registered for qcaux
usbcore: registered new interface driver qcaux
USB Serial support registered for Qualcomm USB modem
usb 1-1: New USB device found, idVendor=05e3, idProduct=0606
usbcore: registered new interface driver qcserial
safe_serial: v0.1:USB Safe Encapsulated Serial
usb 1-1: New USB device strings: Mfr=1, Product=2, SerialNumber=0
usb 1-1: Product: USB Hub 2.0
USB Serial support registered for safe_serial
usbcore: registered new interface driver safe_serial
USB Serial support registered for sam-ba
hub 1-1:1.0: USB hub found
usbcore: registered new interface driver sam-ba
hub 1-1:1.0: 4 ports detected
sam_ba: v1.0: Atmel SAM Boot Assistant (SAM-BA) driver
USB Serial support regist
ered for siemens_mpi
usbcore: registered new interface driver siemens_mpi
Driver for Siemens USB/MPI adapter
Version 0.1 09/26/2005 Thomas Hergenhahn@web.de http://libnodave.sf.net
USB Serial support registered for Sierra USB modem
usbcore: registered new interface driver sierra
sierra: v.1.7.16:USB Driver for Sierra Wireless USB modems
USB Serial support registered for SPCP8x5
usbcore: registered new interface driver spcp8x5
spcp8x5: v0.10:SPCP8x5 USB to serial adaptor driver
USB Serial support registered for Quatech SSU-100 USB to Serial Driver
usbcore: registered new interface driver ssu100
ssu100: v0.1:Quatech SSU-100 USB to Serial Driver
USB Serial support registered for symbol
usbcore: 
registered new interface driver symbol
USB Serial support registered for TI USB 3410 1 port adapter
USB Serial support registered for TI USB 5052 2 port adapter
usbcore: registered new interface driver ti_usb_3410_5052
ti_usb_3410_5052: v0.10:TI USB 3410/5052 Serial Driver
USB Serial support registered for Handspring Visor / Palm OS
USB Serial support registered for Sony Clie 3.5
USB Serial support registered for Sony Clie 5.0
usbcore: registered new interface driver visor
visor: USB HandSpring Visor / Palm OS driver
USB Serial support registered for Connect Tech - WhiteHEAT - (prerenumeration)
USB Serial support registered for Connect Tech - WhiteHEAT
usbcore: registered new interf
ace driver whiteheat
whiteheat: v2.0:USB ConnectTech WhiteHEAT driver
USB Serial support registered for vivopay-serial
usbcore: registered new interface driver vivopay-serial
vivopay_serial: v1.0:ViVOpay USB Serial Driver
USB Serial support registered for zio
usbcore: registered new interface driver zio
Initializing USB Mass Storage driver...
usbcore: registered new interface driver usb-storage
USB Mass Storage support registered.
s3c-hsotg s3c-hsotg: regs d0840000, irq 90
s3c-hsotg s3c-hsotg: s3c_hsotg_corereset: reset failed, GRSTCTL=80000001
s3c-hsotg s3c-hsotg: GRXFSIZ=0x00001800, GNPTXFSIZ=0x18001800
s3c-hsotg s3c-hsotg: shared fifos
s3c-hsotg s3c-hsotg: cannot create debug root
s3c-hsotg s3c-hsotg: DCFG=0x0
0200000, DCTL=0x00000002, DIEPMSK=0000000f
s3c-hsotg s3c-hsotg: GAHBCFG=0x00000000, 0x44=0x00000000
s3c-hsotg s3c-hsotg: GRXFSIZ=0x00000800, GNPTXFSIZ=0x04000800
s3c-hsotg s3c-hsotg: DPTx[1] FSize=768, StAddr=0x00000f00
s3c-hsotg s3c-hsotg: DPTx[2] FSize=768, StAddr=0x00001200
s3c-hsotg s3c-hsotg: DPTx[3] FSize=768, StAddr=0x00001500
s3c-hsotg s3c-hsotg: DPTx[4] FSize=768, StAddr=0x00001800
s3c-hsotg s3c-hsotg: DPTx[5] FSize=768, StAddr=0x00001b00
s3c-hsotg s3c-hsotg: DPTx[6] FSize=768, StAddr=0x00001e00
s3c-hsotg s3c-hsotg: DPTx[7] FSize=768, StAddr=0x00002100
s3c-hsotg s3c-hsotg: DPTx[8] FSize=768, StAddr=0x00002400
s3c-hsotg s3c-hsotg: DPTx[9] FSize=768, StAddr=0x00002700
s3c-hsotg s3c-hsotg
: DPTx[10] FSize=768, StAddr=0x00002a00
s3c-hsotg s3c-hsotg: DPTx[11] FSize=768, StAddr=0x00002d00
s3c-hsotg s3c-hsotg: DPTx[12] FSize=768, StAddr=0x00003000
s3c-hsotg s3c-hsotg: DPTx[13] FSize=768, StAddr=0x00003300
s3c-hsotg s3c-hsotg: DPTx[14] FSize=768, StAddr=0x00003600
s3c-hsotg s3c-hsotg: DPTx[15] FSize=768, StAddr=0x00003900
s3c-hsotg s3c-hsotg: ep0-in: EPCTL=0x00008000, SIZ=0x00000000, DMA=0x00000000
s3c-hsotg s3c-hsotg: ep0-out: EPCTL=0x00008000, SIZ=0x00000000, DMA=0x00000000
s3c-hsotg s3c-hsotg: ep1-in: EPCTL=0x00000000, SIZ=0x00000000, DMA=0x00000000
s3c-hsotg s3c-hsotg: ep1-out: EPCTL=0x00000000, SIZ=0x00000000, DMA=0x00000000
s3c-hsotg s3c-hsotg: ep2-in: EPC
TL=0x00000000, SIZ=0x00000000, DMA=0x00000000
s3c-hsotg s3c-hsotg: ep2-out: EPCTL=0x00000000, SIZ=0x00000000, DMA=0x00000000
s3c-hsotg s3c-hsotg: ep3-in: EPCTL=0x00000000, SIZ=0x00000000, DMA=0x00000000
s3c-hsotg s3c-hsotg: ep3-out: EPCTL=0x00000000, SIZ=0x00000000, DMA=0x00000000
s3c-hsotg s3c-hsotg: ep4-in: EPCTL=0x00000000, SIZ=0x00000000, DMA=0x00000000
s3c-hsotg s3c-hsotg: ep4-out: EPCTL=0x00000000, SIZ=0x00000000, DMA=0x00000000
s3c-hsotg s3c-hsotg: ep5-in: EPCTL=0x00000000, SIZ=0x00000000, DMA=0x00000000
s3c-hsotg s3c-hsotg: ep5-out: EPCTL=0x00000000, SIZ=0x00000000, DMA=0x00000000
s3c-hsotg s3c-hsotg: ep6-in: EPCTL=0x00000000, SIZ=0x00000000, DMA=0x00000000
s3c-hsotg s3c-hsotg: ep6-out: EPCTL=0x00000000, SIZ=0x00000000, DMA=0x00000000

s3c-hsotg s3c-hsotg: ep7-in: EPCTL=0x00000000, SIZ=0x00000000, DMA=0x00000000
s3c-hsotg s3c-hsotg: ep7-out: EPCTL=0x00000000, SIZ=0x00000000, DMA=0x00000000
s3c-hsotg s3c-hsotg: ep8-in: EPCTL=0x00000000, SIZ=0x00000000, DMA=0x00000000
s3c-hsotg s3c-hsotg: ep8-out: EPCTL=0x00000000, SIZ=0x00000000, DMA=0x00000000
s3c-hsotg s3c-hsotg: ep9-in: EPCTL=0x00000000, SIZ=0x00000000, DMA=0x00000000
s3c-hsotg s3c-hsotg: ep9-out: EPCTL=0x00000000, SIZ=0x00000000, DMA=0x00000000
s3c-hsotg s3c-hsotg: ep10-in: EPCTL=0x00000000, SIZ=0x00000000, DMA=0x00000000
s3c-hsotg s3c-hsotg: ep10-out: EPCTL=0x00000000, SIZ=0x00000000, DMA=0x00000000
s3c-hsotg s3c-hsotg: ep11-in: EPCTL=0x00000000, SIZ=0x00000000, DMA=0x00000
000
s3c-hsotg s3c-hsotg: ep11-out: EPCTL=0x00000000, SIZ=0x00000000, DMA=0x00000000
s3c-hsotg s3c-hsotg: ep12-in: EPCTL=0x00000000, SIZ=0x00000000, DMA=0x00000000
s3c-hsotg s3c-hsotg: ep12-out: EPCTL=0x00000000, SIZ=0x00000000, DMA=0x00000000
s3c-hsotg s3c-hsotg: ep13-in: EPCTL=0x00000000, SIZ=0x00000000, DMA=0x00000000
s3c-hsotg s3c-hsotg: ep13-out: EPCTL=0x00000000, SIZ=0x00000000, DMA=0x00000000
s3c-hsotg s3c-hsotg: ep14-in: EPCTL=0x00000000, SIZ=0x00000000, DMA=0x00000000
s3c-hsotg s3c-hsotg: ep14-out: EPCTL=0x00000000, SIZ=0x00000000, DMA=0x00000000
s3c-hsotg s3c-hsotg: DVBUSDIS=0x000017d7, DVBUSPULSE=000005b8
mousedev: PS/2 mouse device common for all mice
touchscreen-1wire	initialized
ba
cklight-1wire	initialized
input: TouchScreen Pipe as /devices/virtual/input/input0
ts-if	initialized
S3C24XX RTC, (c) 2004,2006 Simtec Electronics
one_wire_status: 4
s3c-rtc s3c64xx-rtc: rtc disabled, re-enabling
s3c-rtc s3c64xx-rtc: rtc core: registered s3c as rtc0
i2c /dev entries driver
Linux video capture interface: v2.00
i2c-core: driver [tuner] using legacy suspend method
i2c-core: driver [tuner] using legacy resume method
i2c-core: driver [msp3400] using legacy suspend method
i2c-core: driver [msp3400] using legacy resume method
usbcore: registered new interface driver usbvision
one_wire_status: 4
USBVision USB Video Device Driver for Linux : 0.9.10
usbcore: registered ne
w interface driver pvrusb2
pvrusb2: V4L in-tree version:Hauppauge WinTV-PVR-USB2 MPEG2 Encoder/Tuner
pvrusb2: Debug mask is 31 (0x1f)
usbcore: registered new interface driver zr364xx
zr364xx: Zoran 364xx
usbcore: registered new interface driver stkwebcam
pwc: Philips webcam module version 10.0.14 loaded.
pwc: Supports Philips PCA645/646, PCVC675/680/690, PCVC720[40]/730/740/750 & PCVC830/840.
one_wire_status: 4
pwc: Also supports the Askey VC010, various Logitech Quickcams, Samsung MPC-C10 and MPC-C30,
pwc: the Creative WebCam 5 & Pro Ex, SOTEC Afina Eye and Visionite VCS-UC300 and VCS-UM100.
one_wire_status: 4
usbcore: registered new interface driver Philips webcam
gspca: v2.12.0 registered
usbcore: registered new
 interface driver benq
usbcore: registered new interface driver conex
usbcore: registered new interface driver cpia1
usbcore: registered new interface driver etoms
usbcore: registered new interface driver finepix
usbcore: registered new interface driver jeilinj
usbcore: registered new interface driver konica
one_wire_status: 4
usbcore: registered new interface driver mars
usbcore: registered new interface driver mr97310a
usbcore: registered new interface driver ov519
usbcore: registered new interface driver ov534
usbcore: registered new interface driver ov534_9
usbcore: registered new interface driver pac207
usbcore: registered new interface driver pac7302
usbcore: registered new
 interface driver pac7311
usbcore: registered new interface driver sn9c2028
one_wire_status: 4
usbcore: registered new interface driver sn9c20x
usbcore: registered new interface driver sonixb
usbcore: registered new interface driver sonixj
usbcore: registered new interface driver spca500
usbcore: registered new interface driver spca501
usbcore: registered new interface driver spca505
usbcore: registered new interface driver spca506
spca506: registered
usbcore: registered new interface driver spca508
one_wire_status: 4
usbcore: registered new interface driver spca561
usbcore: registered new interface driver spca1528
usbcore: registered new interface driver sq905
usbcore: registered new inter
face driver sq905c
usbcore: registered new interface driver sq930x
usbcore: registered new interface driver sunplus
usbcore: registered new interface driver stk014
usbcore: registered new interface driver stv0680
usbcore: registered new interface driver t613
one_wire_status: 4
usbcore: registered new interface driver tv8532
usbcore: registered new interface driver vc032x
usbcore: registered new interface driver xirlink-cit
usbcore: registered new interface driver zc3xx
usbcore: registered new interface driver ALi m5602
usbcore: registered new interface driver STV06xx
gspca_gl860: driver startup - version 0.9d10
usbcore: registered new interface driver gspca_gl860
usbcore: registered new interface driver hdpvr
one_wire_statu
s: 4
usbcore: registered new interface driver s2255
s3c-fimc: controller 0 registered successfully
s3c-fimc: controller 1 registered successfully
FIMC Driver, 2010 ported by FriendlyARM http://www.arm9.net
ov965x: probe
s3c-fimc: i2c transfer error
s3c-fimc: i2c transfer error
s3c-fimc: i2c transfer error
s3c-fimc: i2c transfer error
s3c-fimc: ov965x: Product ID fb:fb Manufacturer ID fb:fb
parent clock for camera: 266.000 MHz, divisor: 11
one_wire_status: 3
[CAM]RESET CAM.

S3C6400 MFC Driver, (c) 2007 Samsung Electronics, 2010 ported by FriendlyARM http://www.arm9.net
 S3C6
400 MFC Driver init OK. 
S3C PostProcessor Driver v3.12, (c) 2009 Samsung Electronics
S3C6410 TV encoder Driver, (c) 2008 Samsung Electronics
 S3C6410 TV encoder Driver init OK. 
S3C6410 TV scaler Driver, (c) 2008 Samsung Electronics
 S3C6410 TV scaler Driver init OK. 
S3C Rotator Driver, (c) 2008 Samsung Electronics
s3c_rotator_probe called
s3c_rotator_probe success
S3C JPEG Driver, (c) 2007 Samsung Electronics
s3c_g2d_probe called
 s3c_g2d_probe Success
 S3C G2D Init : Done
S3C G3D Driver, (c) 2007-2009 Samsung Electronics
s3c_g3d version : 0x1050000
 S3C G3D Init : Done
usbcore: registered new interface driver uvcvideo
USB Video Class driver (v1.0.0)
S3C2410 Watchdog Timer,
 (c) 2004 Simtec Electronics
s3c2410-wdt s3c2410-wdt: watchdog inactive, reset disabled, irq enabled
one_wire_status: 4
sdhci: Secure Digital Host Controller Interface driver
sdhci: Copyright(c) Pierre Ossman
s3c-sdhci s3c-sdhci.0: clock source 0: hsmmc (133000000 Hz)
s3c-sdhci s3c-sdhci.0: clock source 1: hsmmc (133000000 Hz)
s3c-sdhci s3c-sdhci.0: clock source 2: mmc_bus (24000000 Hz)
mmc0: SDHCI controller on samsung-hsmmc [s3c-sdhci.0] using ADMA
s3c-sdhci s3c-sdhci.1: clock source 0: hsmmc (133000000 Hz)
s3c-sdhci s3c-sdhci.1: clock source 1: hsmmc (133000000 Hz)
one_wire_status: 4
s3c-sdhci s3c-sdhci.1: clock source 2: mmc_bus (24000000 Hz)
mmc1: SDHCI controller on samsung-hsmmc [s3c-s
dhci.1] using ADMA
usbcore: registered new interface driver usbhid
usbhid: USB HID core driver
ALSA device list:
  No soundcards found.
TCP cubic registered
NET: Registered protocol family 17
VFP support v0.3: implementor 41 architecture 1 part 20 variant b rev 5
s3c-rtc s3c64xx-rtc: setting system clock to 2000-01-01 02:21:08 UTC (946693268)

eth0: link down

eth0: link up, 100Mbps, full-duplex, lpa 0xDDE1

IP-Config: Guessing netmask 255.255.255.0
IP-Config: Complete:
     device=eth0, addr=192.168.31.6, mask=255.255.255.0, gw=255.255.255.255,
     host=192.168.31.6, domain=, nis-domain=(none),
     bootserver=255.255.255.255, rootserver=192.168.31.228, rootpath=
Freeing init memory: 1408K
one_wire_status: 4

1Wire touchscreen OK
/init: line 103: can't open /r/dev/console: no such file
Kernel panic - not syncing: Attempted to kill init!
[<c0177c44>] (unwind_backtrace+0x0/0xe4) from [<c05148e4>] (panic+0x58/0x174)
[<c05148e4>] (panic+0x58/0x174) from 
[<c0189eb0>] (do_exit+0x68/0x5e4)
[<c0189eb0>] (do_exit+0x68/0x5e4) from [<c018a6f0>] (do_group_exit+0x90/0xc4)
[<c018a6f0>] (do_group_exit+0x90/0xc4) from [<c018a734>] (sys_exit_group+0x10/0x18)
one_wire_status: 2
[<c018a734>] (sys_exit_group+0x10/0x18) from [<c01725e0>] (ret_fast_syscall+0x0/0x30)
one_wire_status: 4

?l~?m8E(?TRw]+??FJtu???z!T+[YT#*Uy?mr??{}3kz	e
??_)ol44H!H[AU2P40)=*?KUm^K*Y([
?UQL9iK(H
?vE>??-**?jtVZNS
G?(i`eKUpWPir<E1j?>`+
EQ?+PT2?+
+?Mj
i(5?Y?K?uyTPzTR? *D5M?(x"?t
1?k1PL??5 =j? 1`A@V}
HM!
?
R

?


U-Boot 1.1.6 (Oct 18 2011 - 15:23:51) for FriendlyARM MINI6410



CPU:     S3C6410@532MHz

         Fclk = 532MHz, Hclk = 133MHz, Pclk = 66MHz, Serial = CLKUART (SYNC Mode) 

Board:   MINI6410

DRAM:    256 MB

Flash:   0 kB

NAND:    2048 MB 


In:      serial

Out:     serial

Err:     serial


MAC: 08:90:90:90:90:90


Hit any key to stop autoboot:  1 
 0 


NAND read: device 0 offset 0x400000, size 0x500000


.
.
.
.
. 5242880 bytes read: OK

Boot with zImage


Starting kernel ...


Uncompressing Linux...
 done, booting the kernel.

Initializing cgroup subsys cpu
Linux version 2.6.38-FriendlyARM (liyongjun@Box) (gcc version 4.5.1 (ctng-1.8.1-FA) ) #1 PREEMPT Fri Dec 11 00:11:55 CST 2020
CPU: ARMv6-compatible processor [410fb766] revision 6 (ARMv7), cr=00c5387f
CPU: VIPT nonaliasing data cache, VIPT nonaliasing instruction cache
Machine: MINI6410
Memory policy: ECC disabled, Data cache writeback
CPU S3C6410 (id 0x36410101)
S3C24XX Clocks, Copyright 2004 Simtec Electronics
camera: no parent clock specified
S3C64XX: PLL settings, A=532000000, M=532000000, E=2400000
0
S3C64XX: HCLK2=266000000, HCLK=133000000, PCLK=66500000
mout_apll: source is fout_apll (1), rate is 532000000
mout_epll: source is epll (1), rate is 24000000
mout_mpll: source is mpll (1), rate is 532000000
mmc_bus: source is mout_epll (0), rate is 24000000
mmc_bus: source is mout_epll (0), rate is 24000000
mmc_bus: source is mout_epll (0), rate is 24000000
usb-bus-host: source is clk_48m (0), rate is 48000000
uclk1: source is dout_mpll (1), rate is 66500000
spi-bus: source is mout_epll (0), rate is 24000000
spi-bus: source is mout_epll (0), rate is 24000000
audio-bus: source is mout_epll (0), rate is 24000000
audio-bus: source is mout_epll (0), rate is 24000000
audio-bus: source is mout_epll (0), rate is 24000000
irda-bus
: source is mout_epll (0), rate is 24000000
camera: no parent clock specified
s3c64xx: 10485760 bytes SDRAM reserved for fimc at 0x5f5f8000
s3c64xx: 8388608 bytes SDRAM reserved for pp at 0x5edf8000
s3c64xx: 8388608 bytes SDRAM reserved for tv at 0x5e5f8000
s3c64xx: 6291456 bytes SDRAM reserved for mfc at 0x5dff8000
s3c64xx: 4194304 bytes SDRAM reserved for jpeg at 0x5dbf8000
Built 1 zonelists in Zone order, mobility grouping on.  Total pages: 65024
Kernel command line: root=/dev/nfs nfsroot=192.168.31.228:/home/liyongjun/tmp/mini_rootfs ip=192.168.31.6 init=/linuxrc console=ttySAC0,115200
PID hash table entries: 1024 (order: 0, 4096 bytes)
Dentry cache hash table entries: 
32768 (order: 5, 131072 bytes)
Inode-cache hash table entries: 16384 (order: 4, 65536 bytes)
Memory: 256MB = 256MB total
Memory: 215180k/215180k available, 46964k reserved, 0K highmem
Virtual kernel memory layout:
    vector  : 0xffff0000 - 0xffff1000   (   4 kB)
    fixmap  : 0xfff00000 - 0xfffe0000   ( 896 kB)
    DMA     : 0xff000000 - 0xffe00000   (  14 MB)
    vmalloc : 0xd0800000 - 0xf6000000   ( 600 MB)
    lowmem  : 0xc0000000 - 0xd0000000   ( 256 MB)
    modules : 0xbf000000 - 0xc0000000   (  16 MB)
      .init : 0xc0008000 - 0xc0168000   (1408 kB)
      .text : 0xc0168000 - 0xc0714c80   (5812 kB)
      .data : 0xc0716000 - 0xc075a540   ( 274 kB)
SLUB: Genslabs=13, HWalign=32, Order=0-3, MinObjects=0, CPUs=1, Nodes=1
Preemptab
le hierarchical RCU implementation.
	RCU-based detection of stalled CPUs is disabled.
	Verbose stalled-CPUs detection is disabled.
NR_IRQS:246
VIC @f6000000: id 0x00041192, vendor 0x41
VIC @f6010000: id 0x00041192, vendor 0x41
Console: colour dummy device 80x30
console [ttySAC0] enabled
Calibrating delay loop... 
530.84 BogoMIPS (lpj=2654208)
pid_max: default: 32768 minimum: 301
Mount-cache hash table entries: 512
CPU: Testing write buffer coherency: ok
NET: Registered protocol family 16
s3c64xx_dma_init: Registe
ring DMA channels
PL080: IRQ 73, at d0808000, channels 0..8
PL080: IRQ 74, at d080c000, channels 8..16
S3C6410: Initialising architecture

bio: create slab <bio-0> at 0
SCSI subsystem initialized
usbcore: registered new interface driver usbfs
usbcore: registered new interface driver hub
usbcore: registered new device driver usb
s3c-i2c s3c2440-i2c: slave address 0x10
s3c-i2c s3c2440-i2c: bus frequency set to 64 KHz
s3c-i2c s3c2440-i2c: i2c-0: S3C I2C adapter
Advanced Linux Sound Architecture Driver Version 1.0.23.

NET: Registered protocol family 2
IP route cache hash table entries: 2048 (order: 
1, 8192 bytes)
TCP established hash table entries: 8192 (order: 4, 65536 bytes)
TCP bind hash table entries: 8192 (order: 5, 163840 bytes)
TCP: Hash tables configured (established 8192 bind 8192)
TCP reno registered
UDP hash table entries: 128 (order: 0, 6144 bytes)
UDP-Lite hash table entries: 128 (order: 0, 6144 bytes)
NET: Registered protocol family 1
RPC: Registered udp transport module.
RPC: Registered tcp transport module.
RPC: Registered tcp NFSv4.1 backchannel transport module.

NetWinder Floating Point Emulator V0.97 (double precision)

squashfs: version 4.0 (2009/01/31) Phillip Lougher
msgmni has been set to 420
io scheduler noop registered (default)
io scheduler cfq registered
S3C_LCD clock got enabled :: 133.000 Mhz
LCD TYPE :: Mini6410 will be initialized
Window[0] - FB1: map_video_memory: clear ff000000:0007f800
            FB1: map_video_memory: dma=5d780000 cpu=ff000000 size=0007f800
Window[0] - FB2: map_video_memory: clear
 ff03fc00:0003fc00
            FB2: map_video_memory: dma=5d7bfc00 cpu=ff03fc00 size=0003fc00
Console: switching to colour frame buffer device 60x34
fb0: s3cfb frame buffer device
Window[1] - FB1: map_video_memory: clear ff080000:0007f800
            FB1: map_video_memory: dma=5cc00000 cpu=ff080000 size=0007f800
Window[1] - FB2: map_video_memory: clear ff0bfc00:0003fc00
            FB2: map_video_memory: dma=5cc3fc00 cpu=ff0bfc00 size=0003fc00
fb1: s3cfb frame buffer device
Window[2] - FB1: map_video_memory: clear ff100000:0003fc00
            FB1: map_video_memory: dma=5d740000 cpu=ff100000 size=0003fc00
fb2: s3cfb frame buffer device
Window[3] - FB1: 
map_video_memory: clear ff140000:0003fc00
            FB1: map_video_memory: dma=5cc80000 cpu=ff140000 size=0003fc00
fb3: s3cfb frame buffer device
backlight	initialized
s3c6400-uart.0: ttySAC0 at MMIO 0x7f005000 (irq = 16) is a S3C6400/10
s3c6400-uart.1: ttySAC1 at MMIO 0x7f005400 (irq = 20) is a S3C6400/10
s3c6400-uart.2: ttySAC2 at MMIO 0x7f005800 (irq = 24) is a S3C6400/10
s3c6400-uart.3: ttySAC3 at MMIO 0x7f005c00 (irq = 28) is a S
3C6400/10
leds	initialized
buttons	initialized
pwm	initialized
adc	initialized
loop: module loaded
S3C NAND Driver, (c) 2008 Samsung Electronics
MLC nand initialized, 2011 ported by FriendlyARM
S3C NAND Driver is using hardware ECC.
NAND device: Manufacturer ID: 0xec, Chip ID: 0xd5 (Samsung NAND 2GiB 3,3V 8-bit)
Creating 3 MTD partitions on "NAND 2GiB 3,3V 8-bit":
0x000000000000-0x000000400000 : "Bootloader"
0x000000400000-0x000000c00000 : "Kernel"
0x000000c00000-0x000080000000 : "File System"

PPP generic driver version 2.4.2
PPP Deflate Compression module registered
PPP BSD Compression module registered
PPP MPPE Compression module registered
NET: Registered protocol family 24
dm9000 Ethernet Driver, V1.31

eth0: dm9000a at d081e000,d0c00004 IRQ 108 MAC: 08:90:90:90:90:90 (chip)
ohci_hcd: USB 1.1 'Open' Host Controller (OHCI) Driver
